 NoCrash_amxx

 Timestamp is 5253bca1 (Tue Oct 08 16:04:49 2013)

 Preferred load address is 10000000

 Start         Length     Name                   Class
 0001:00000000 0002f68cH .text                   CODE
 0001:0002f690 000001b6H .text$x                 CODE
 0001:0002f850 00000111H .text$yc                CODE
 0001:0002f970 00000138H .text$yd                CODE
 0002:00000000 000001c0H .idata$5                DATA
 0002:000001c0 00000004H .CRT$XCA                DATA
 0002:000001c4 00000014H .CRT$XCU                DATA
 0002:000001d8 00000004H .CRT$XCZ                DATA
 0002:000001dc 00000004H .CRT$XIA                DATA
 0002:000001e0 00000010H .CRT$XIC                DATA
 0002:000001f0 00000004H .CRT$XIZ                DATA
 0002:000001f4 00000004H .CRT$XPA                DATA
 0002:000001f8 00000004H .CRT$XPX                DATA
 0002:000001fc 00000004H .CRT$XPXA               DATA
 0002:00000200 00000004H .CRT$XPZ                DATA
 0002:00000204 00000004H .CRT$XTA                DATA
 0002:00000208 00000004H .CRT$XTZ                DATA
 0002:00000210 000051b8H .rdata                  DATA
 0002:000053c8 00000044H .rdata$debug            DATA
 0002:0000540c 00000430H .rdata$r                DATA
 0002:00005840 00000050H .rdata$sxdata           DATA
 0002:00005890 00000004H .rtc$IAA                DATA
 0002:00005894 00000004H .rtc$IZZ                DATA
 0002:00005898 00000004H .rtc$TAA                DATA
 0002:0000589c 00000004H .rtc$TZZ                DATA
 0002:000058a0 00000e20H .xdata$x                DATA
 0002:000066c0 00000050H .idata$2                DATA
 0002:00006710 00000014H .idata$3                DATA
 0002:00006724 000001c0H .idata$4                DATA
 0002:000068e4 000007d0H .idata$6                DATA
 0002:000070c0 0000022eH .edata                  DATA
 0003:00000000 0000164dH .data                   DATA
 0003:00001660 0000c444H .bss                    DATA

  Address         Publics by Value              Rva+Base       Lib:Object

 0000:00000000       __except_list              00000000     <absolute>
 0000:00000014       ___safe_se_handler_count   00000014     <absolute>
 0000:00000000       ___ImageBase               10000000     <linker-defined>
 0001:00000000       ?ResolveAddress@CSigMngr@@AAE_NPAUsignature_t@@@Z 10001000 f   CSigMngr.obj
 0001:000000b0       ?ResolveSig@CSigMngr@@QAEPAXPAXPBDI@Z 100010b0 f   CSigMngr.obj
 0001:00000190       ??0CGetHWinfo@@QAE@XZ      10001190 f   GetHWinfo.obj
 0001:000001a0       ??1CGetHWinfo@@QAE@XZ      100011a0 f   GetHWinfo.obj
 0001:000001b0       ?GetCPUinfo@CGetHWinfo@@QAE_NPAD00@Z 100011b0 f   GetHWinfo.obj
 0001:00000300       ?GetHDinfo@CGetHWinfo@@QAE_NPAD0@Z 10001300 f   GetHWinfo.obj
 0001:000003f0       ?GetMACinfo@CGetHWinfo@@QAE_NPAD@Z 100013f0 f   GetHWinfo.obj
 0001:000004e0       ?ConvertToString@CGetHWinfo@@IAEPADQAKHH@Z 100014e0 f   GetHWinfo.obj
 0001:000005a0       ?WinNTRead_IDEHD_Serial@CGetHWinfo@@IAE_NPAD0@Z 100015a0 f   GetHWinfo.obj
 0001:000007c0       ?WinNTGetIDEInfo@CGetHWinfo@@IAE_NPAXPAU_SENDCMDINPARAMS@@PAU_SENDCMDOUTPARAMS@@EEPAK@Z 100017c0 f   GetHWinfo.obj
 0001:00000860       ?WinNTRead_SCSIHD_Serial@CGetHWinfo@@IAE_NPAD0@Z 10001860 f   GetHWinfo.obj
 0001:00000a40       ?Win9xRead_HD_Serial@CGetHWinfo@@IAE_NPAD0@Z 10001a40 f   GetHWinfo.obj
 0001:00000a50       ?Win9xRead_HD_InRing0@CGetHWinfo@@IAE_N_NGEAA_N1PAG@Z 10001a50 f   GetHWinfo.obj
 0001:00000a60       ?ClearInfoValue@@YAXXZ     10001a60 f   hlds_patch.obj
 0001:00000a90       ?InsertInfoValue@@YAXPAD@Z 10001a90 f   hlds_patch.obj
 0001:00000ac0       ?FindInfoValue@@YA_NPAD@Z  10001ac0 f   hlds_patch.obj
 0001:00000b10       ?InfoValueCheck@@YA_NPAD@Z 10001b10 f   hlds_patch.obj
 0001:00000c70       ?EntryBadParse@@YAXXZ      10001c70 f   hlds_patch.obj
 0001:00000c90       ?LeaveBadParse@@YAXXZ      10001c90 f   hlds_patch.obj
 0001:00000cb0       ?SafeCheckResCount@@YG_NK@Z 10001cb0 f   hlds_patch.obj
 0001:00000cd0       ?_ResourcesList@@YAXXZ     10001cd0 f   hlds_patch.obj
 0001:00000cf0       ?_fix_grenade_crash@@YAXXZ 10001cf0 f   hlds_patch.obj
 0001:00000d00       ?_fix_grenade_crash2@@YAXXZ 10001d00 f   hlds_patch.obj
 0001:00000d20       ?m_memcpy_s@@YAXPAX0I@Z    10001d20 f   hlds_patch.obj
 0001:00000d50       ?newEngineInterface@@YAXXZ 10001d50 f   hlds_patch.obj
 0001:00000df0       ?Netchan_AllocClientPacket@@YAXIPAUsockaddr_in@@PAD@Z 10001df0 f   hlds_patch.obj
 0001:00000e40       ?find_client@@YA?AV?$_List_iterator@V?$_List_val@PAUqueue_packet_s@@V?$allocator@PAUqueue_packet_s@@@std@@@std@@@std@@PAUsockaddr_in@@@Z 10001e40 f   hlds_patch.obj
 0001:00000ed0       ?count_char@@YAHPADD@Z     10001ed0 f   hlds_patch.obj
 0001:00000f30       ?safe_ascii@@YA_NPAD@Z     10001f30 f   hlds_patch.obj
 0001:00000fb0       ?MSG_BeginRead@@YAXPADK@Z  10001fb0 f   hlds_patch.obj
 0001:00001000       ?MSG_ReadString@@YAPADXZ   10002000 f   hlds_patch.obj
 0001:000010e0       ?MSG_ReadByte@@YAEXZ       100020e0 f   hlds_patch.obj
 0001:00001120       ?MSG_ReadShort@@YAGXZ      10002120 f   hlds_patch.obj
 0001:00001170       ?MSG_ReadLong@@YAIXZ       10002170 f   hlds_patch.obj
 0001:000011c0       ?check_param@@YAHPADH@Z    100021c0 f   hlds_patch.obj
 0001:000013b0       ?newrecvfrom@@YGHIPADHHPAUsockaddr@@PAH@Z 100023b0 f   hlds_patch.obj
 0001:00001750       ?HookImport@@YAXPAUHINSTANCE__@@KK@Z 10002750 f   hlds_patch.obj
 0001:000018e0       ?GetPEImageSize@@YAKPAUHINSTANCE__@@@Z 100028e0 f   hlds_patch.obj
 0001:00001930       ?GetPEImageEnd@@YAKPAUHINSTANCE__@@@Z 10002930 f   hlds_patch.obj
 0001:00001950       ?newRtlDispatchException@@YG_NPAU_EXCEPTION_RECORD@@PAU_CONTEXT@@@Z 10002950 f   hlds_patch.obj
 0001:00001b10       ?ban_player@@YGXPAD@Z      10002b10 f   hlds_patch.obj
 0001:00001b70       ?_patch_net_queue_overflow@@YAXXZ 10002b70 f   hlds_patch.obj
 0001:00001b80       ?safe_check@@YGHPAD@Z      10002b80 f   hlds_patch.obj
 0001:00001ba0       ?unk_wpn_name_patch@@YAXXZ 10002ba0 f   hlds_patch.obj
 0001:00001bd0       ?unk_wpn_name_patch2@@YAXXZ 10002bd0 f   hlds_patch.obj
 0001:00001c00       ?SZ_Clear@@YAXPAUsizebuf_s@@@Z 10002c00 f   hlds_patch.obj
 0001:00001c20       ?SZ_GetSpace@@YAPAXPAUsizebuf_s@@H@Z 10002c20 f   hlds_patch.obj
 0001:00001c90       ?_strncmp_safe@@YAXXZ      10002c90 f   hlds_patch.obj
 0001:00001cb0       ?InitExceptionFilter@@YAXXZ 10002cb0 f   hlds_patch.obj
 0001:00001d50       ?get_command@@YAPADXZ      10002d50 f   hlds_patch.obj
 0001:00001db0       ?clc_stringcmd@@YAXPAK@Z   10002db0 f   hlds_patch.obj
 0001:00001ef0       ?ClearFakePlayerList@@YAXK@Z 10002ef0 f   hlds_patch.obj
 0001:00001fb0       ?ClearHackCommandList@@YAXK@Z 10002fb0 f   hlds_patch.obj
 0001:00002070       ?StartFrame@@YAXXZ         10003070 f   hlds_patch.obj
 0001:000020b0       ?MyMSG_WriteString@@YAXPAUsizebuf_s@@PAD@Z 100030b0 f   hlds_patch.obj
 0001:00002130       ?MyMSG_WriteLong@@YAXPAUsizebuf_s@@H@Z 10003130 f   hlds_patch.obj
 0001:00002150       ?WriteLog@@YAXPBD0@Z       10003150 f   hlds_patch.obj
 0001:00002300       ?newSV_Error@@YAXPBD@Z     10003300 f   hlds_patch.obj
 0001:00002320       ?ReadFakePlayerConfig@@YAXPAD@Z 10003320 f   hlds_patch.obj
 0001:000023a0       ?check_length@@YAHXZ       100033a0 f   hlds_patch.obj
 0001:000023c0       ?SplitSafeCheck@@YGHPAE@Z  100033c0 f   hlds_patch.obj
 0001:00002440       ?CopySplitPacket@@YAXXZ    10003440 f   hlds_patch.obj
 0001:00002470       ?OnAmxxAttach@@YAXXZ       10003470 f   hlds_patch.obj
 0001:00002d00       ?OnPluginsLoaded@@YAXXZ    10003d00 f   hlds_patch.obj
 0001:00002d10       ?OnAmxxDetach@@YAXXZ       10003d10 f   hlds_patch.obj
 0001:00002d20       ?WriteLog@LogFile@@MAEXPBXK@Z 10003d20 f i hlds_patch.obj
 0001:00002db0       ??1LogFile@@UAE@XZ         10003db0 f i hlds_patch.obj
 0001:00002e20       ?SetFileName@LogFile@@QAEXPBD@Z 10003e20 f i hlds_patch.obj
 0001:00002eb0       ?Log@LogFile@@QAAXPBDZZ    10003eb0 f i hlds_patch.obj
 0001:00002f30       ?OpenFile@LogFile@@IAE_NXZ 10003f30 f i hlds_patch.obj
 0001:00003000       ??_GLogFile@@UAEPAXI@Z     10004000 f i hlds_patch.obj
 0001:00003000       ??_ELogFile@@UAEPAXI@Z     10004000 f i hlds_patch.obj
 0001:00003030       ?SetNopCode@@YAXPAXI@Z     10004030 f i hlds_patch.obj
 0001:00003080       ??0?$basic_string@DU?$char_traits@D@std@@V?$allocator@D@2@@std@@QAE@PBD@Z 10004080 f i hlds_patch.obj
 0001:00003100       ??1?$basic_string@DU?$char_traits@D@std@@V?$allocator@D@2@@std@@QAE@XZ 10004100 f i hlds_patch.obj
 0001:00003150       ?erase@?$list@PAUqueue_packet_s@@V?$allocator@PAUqueue_packet_s@@@std@@@std@@QAE?AV?$_List_iterator@V?$_List_val@PAUqueue_packet_s@@V?$allocator@PAUqueue_packet_s@@@std@@@std@@@2@V?$_List_const_iterator@V?$_List_val@PAUqueue_packet_s@@V?$allocator@PAUqueue_packet_s@@@std@@@std@@@2@@Z 10004150 f i hlds_patch.obj
 0001:000031f0       ??A?$map@KPAUplayer_ban_count@@U?$less@K@std@@V?$allocator@U?$pair@$$CBKPAUplayer_ban_count@@@std@@@3@@std@@QAEAAPAUplayer_ban_count@@ABK@Z 100041f0 f i hlds_patch.obj
 0001:000032a0       ?erase@?$_Tree@V?$_Tmap_traits@KPAUplayer_ban_count@@U?$less@K@std@@V?$allocator@U?$pair@$$CBKPAUplayer_ban_count@@@std@@@3@$0A@@std@@@std@@QAE?AV?$_Tree_iterator@V?$_Tree_val@V?$_Tmap_traits@KPAUplayer_ban_count@@U?$less@K@std@@V?$allocator@U?$pair@$$CBKPAUplayer_ban_count@@@std@@@3@$0A@@std@@@std@@@2@V?$_Tree_const_iterator@V?$_Tree_val@V?$_Tmap_traits@KPAUplayer_ban_count@@U?$less@K@std@@V?$allocator@U?$pair@$$CBKPAUplayer_ban_count@@@std@@@3@$0A@@std@@@std@@@2@@Z 100042a0 f i hlds_patch.obj
 0001:00003780       ?find@?$_Tree@V?$_Tmap_traits@KPAUplayer_ban_count@@U?$less@K@std@@V?$allocator@U?$pair@$$CBKPAUplayer_ban_count@@@std@@@3@$0A@@std@@@std@@QAE?AV?$_Tree_iterator@V?$_Tree_val@V?$_Tmap_traits@KPAUplayer_ban_count@@U?$less@K@std@@V?$allocator@U?$pair@$$CBKPAUplayer_ban_count@@@std@@@3@$0A@@std@@@std@@@2@ABK@Z 10004780 f i hlds_patch.obj
 0001:00003820       ?_Tidy@?$basic_string@DU?$char_traits@D@std@@V?$allocator@D@2@@std@@QAEX_NI@Z 10004820 f i hlds_patch.obj
 0001:000038c0       ??1?$_String_val@DV?$allocator@D@std@@@std@@QAE@XZ 100048c0 f i hlds_patch.obj
 0001:000038d0       ?_Insert@?$list@PAUqueue_packet_s@@V?$allocator@PAUqueue_packet_s@@@std@@@std@@QAEXV?$_List_const_iterator@V?$_List_val@PAUqueue_packet_s@@V?$allocator@PAUqueue_packet_s@@@std@@@std@@@2@ABQAUqueue_packet_s@@@Z 100048d0 f i hlds_patch.obj
 0001:00003960       ?_Lrotate@?$_Tree@V?$_Tmap_traits@KPAUplayer_ban_count@@U?$less@K@std@@V?$allocator@U?$pair@$$CBKPAUplayer_ban_count@@@std@@@3@$0A@@std@@@std@@IAEXPAU_Node@?$_Tree_nod@V?$_Tmap_traits@KPAUplayer_ban_count@@U?$less@K@std@@V?$allocator@U?$pair@$$CBKPAUplayer_ban_count@@@std@@@3@$0A@@std@@@2@@Z 10004960 f i hlds_patch.obj
 0001:00003a10       ?_Rrotate@?$_Tree@V?$_Tmap_traits@KPAUplayer_ban_count@@U?$less@K@std@@V?$allocator@U?$pair@$$CBKPAUplayer_ban_count@@@std@@@3@$0A@@std@@@std@@IAEXPAU_Node@?$_Tree_nod@V?$_Tmap_traits@KPAUplayer_ban_count@@U?$less@K@std@@V?$allocator@U?$pair@$$CBKPAUplayer_ban_count@@@std@@@3@$0A@@std@@@2@@Z 10004a10 f i hlds_patch.obj
 0001:00003ac0       ?append@?$basic_string@DU?$char_traits@D@std@@V?$allocator@D@2@@std@@QAEAAV12@PBDI@Z 10004ac0 f i hlds_patch.obj
 0001:00003c20       ?assign@?$basic_string@DU?$char_traits@D@std@@V?$allocator@D@2@@std@@QAEAAV12@PBDI@Z 10004c20 f i hlds_patch.obj
 0001:00003d40       ?_Buynode@?$_List_val@PAUqueue_packet_s@@V?$allocator@PAUqueue_packet_s@@@std@@@std@@QAEPAU_Node@?$_List_nod@PAUqueue_packet_s@@V?$allocator@PAUqueue_packet_s@@@std@@@2@PAU342@0ABQAUqueue_packet_s@@@Z 10004d40 f i hlds_patch.obj
 0001:00003df0       ?_Lbound@?$_Tree@V?$_Tmap_traits@KPAUplayer_ban_count@@U?$less@K@std@@V?$allocator@U?$pair@$$CBKPAUplayer_ban_count@@@std@@@3@$0A@@std@@@std@@IAEPAU_Node@?$_Tree_nod@V?$_Tmap_traits@KPAUplayer_ban_count@@U?$less@K@std@@V?$allocator@U?$pair@$$CBKPAUplayer_ban_count@@@std@@@3@$0A@@std@@@2@ABK@Z 10004df0 f i hlds_patch.obj
 0001:00003e60       ??E?$_Tree_unchecked_const_iterator@V?$_Tree_val@V?$_Tmap_traits@KPAUplayer_ban_count@@U?$less@K@std@@V?$allocator@U?$pair@$$CBKPAUplayer_ban_count@@@std@@@3@$0A@@std@@@std@@U_Iterator_base0@2@@std@@QAEAAV01@XZ 10004e60 f i hlds_patch.obj
 0001:00003f10       ?append@?$basic_string@DU?$char_traits@D@std@@V?$allocator@D@2@@std@@QAEAAV12@ABV12@II@Z 10004f10 f i hlds_patch.obj
 0001:00004030       ?assign@?$basic_string@DU?$char_traits@D@std@@V?$allocator@D@2@@std@@QAEAAV12@ABV12@II@Z 10005030 f i hlds_patch.obj
 0001:00004140       ?_Grow@?$basic_string@DU?$char_traits@D@std@@V?$allocator@D@2@@std@@QAE_NI_N@Z 10005140 f i hlds_patch.obj
 0001:00004240       ??0?$_Tree_unchecked_const_iterator@V?$_Tree_val@V?$_Tmap_traits@KPAUplayer_ban_count@@U?$less@K@std@@V?$allocator@U?$pair@$$CBKPAUplayer_ban_count@@@std@@@3@$0A@@std@@@std@@U_Iterator_base0@2@@std@@QAE@PAU_Node@?$_Tree_nod@V?$_Tmap_traits@KPAUplayer_ban_count@@U?$less@K@std@@V?$allocator@U?$pair@$$CBKPAUplayer_ban_count@@@std@@@3@$0A@@std@@@1@PBV?$_Tree_val@V?$_Tmap_traits@KPAUplayer_ban_count@@U?$less@K@std@@V?$allocator@U?$pair@$$CBKPAUplayer_ban_count@@@std@@@3@$0A@@std@@@1@@Z 10005240 f i hlds_patch.obj
 0001:00004260       ?erase@?$basic_string@DU?$char_traits@D@std@@V?$allocator@D@2@@std@@QAEAAV12@II@Z 10005260 f i hlds_patch.obj
 0001:00004350       ?_Copy@?$basic_string@DU?$char_traits@D@std@@V?$allocator@D@2@@std@@QAEXII@Z 10005350 f i hlds_patch.obj
 0001:000045e0       ??$_Dest_val@V?$allocator@U_Node@?$_List_nod@PAUqueue_packet_s@@V?$allocator@PAUqueue_packet_s@@@std@@@std@@@std@@U_Node@?$_List_nod@PAUqueue_packet_s@@V?$allocator@PAUqueue_packet_s@@@std@@@2@@std@@YAXAAV?$allocator@U_Node@?$_List_nod@PAUqueue_packet_s@@V?$allocator@PAUqueue_packet_s@@@std@@@std@@@0@PAU_Node@?$_List_nod@PAUqueue_packet_s@@V?$allocator@PAUqueue_packet_s@@@std@@@0@@Z 100055e0 f i hlds_patch.obj
 0001:000045f0       ??$_Dest_val@V?$allocator@U?$pair@$$CBKPAUplayer_ban_count@@@std@@@std@@U?$pair@$$CBKPAUplayer_ban_count@@@2@@std@@YAXAAV?$allocator@U?$pair@$$CBKPAUplayer_ban_count@@@std@@@0@PAU?$pair@$$CBKPAUplayer_ban_count@@@0@@Z 100055f0 f i hlds_patch.obj
 0001:00004600       ??$_Cons_val@V?$allocator@PAUqueue_packet_s@@@std@@PAUqueue_packet_s@@ABQAU3@@std@@YAXAAV?$allocator@PAUqueue_packet_s@@@0@PAPAUqueue_packet_s@@ABQAU2@@Z 10005600 f i hlds_patch.obj
 0001:00004640       ??$_Allocate@U_Node@?$_List_nod@PAUqueue_packet_s@@V?$allocator@PAUqueue_packet_s@@@std@@@std@@@std@@YAPAU_Node@?$_List_nod@PAUqueue_packet_s@@V?$allocator@PAUqueue_packet_s@@@std@@@0@IPAU120@@Z 10005640 f i hlds_patch.obj
 0001:000046b0       ??1bad_alloc@std@@UAE@XZ   100056b0 f i hlds_patch.obj
 0001:000046d0       ??_Gbad_alloc@std@@UAEPAXI@Z 100056d0 f i hlds_patch.obj
 0001:000046d0       ??_Ebad_alloc@std@@UAEPAXI@Z 100056d0 f i hlds_patch.obj
 0001:00004710       ??$_Allocate@D@std@@YAPADIPAD@Z 10005710 f i hlds_patch.obj
 0001:00004780       ??0bad_alloc@std@@QAE@ABV01@@Z 10005780 f i hlds_patch.obj
 0001:000047b0       ?_Insert@?$_Tree@V?$_Tmap_traits@KPAUplayer_ban_count@@U?$less@K@std@@V?$allocator@U?$pair@$$CBKPAUplayer_ban_count@@@std@@@3@$0A@@std@@@std@@QAE?AV?$_Tree_iterator@V?$_Tree_val@V?$_Tmap_traits@KPAUplayer_ban_count@@U?$less@K@std@@V?$allocator@U?$pair@$$CBKPAUplayer_ban_count@@@std@@@3@$0A@@std@@@std@@@2@V?$_Tree_const_iterator@V?$_Tree_val@V?$_Tmap_traits@KPAUplayer_ban_count@@U?$less@K@std@@V?$allocator@U?$pair@$$CBKPAUplayer_ban_count@@@std@@@3@$0A@@std@@@std@@@2@PAU_Node@?$_Tree_nod@V?$_Tmap_traits@KPAUplayer_ban_count@@U?$less@K@std@@V?$allocator@U?$pair@$$CBKPAUplayer_ban_count@@@std@@@3@$0A@@std@@@2@@Z 100057b0 f i hlds_patch.obj
 0001:00004de0       ?_Linsert@?$_Tree@V?$_Tmap_traits@KPAUplayer_ban_count@@U?$less@K@std@@V?$allocator@U?$pair@$$CBKPAUplayer_ban_count@@@std@@@3@$0A@@std@@@std@@QAE?AU?$pair@V?$_Tree_iterator@V?$_Tree_val@V?$_Tmap_traits@KPAUplayer_ban_count@@U?$less@K@std@@V?$allocator@U?$pair@$$CBKPAUplayer_ban_count@@@std@@@3@$0A@@std@@@std@@@std@@_N@2@PAU_Node@?$_Tree_nod@V?$_Tmap_traits@KPAUplayer_ban_count@@U?$less@K@std@@V?$allocator@U?$pair@$$CBKPAUplayer_ban_count@@@std@@@3@$0A@@std@@@2@_N@Z 10005de0 f i hlds_patch.obj
 0001:00005020       ?_Insert@?$_Tree@V?$_Tmap_traits@KPAUplayer_ban_count@@U?$less@K@std@@V?$allocator@U?$pair@$$CBKPAUplayer_ban_count@@@std@@@3@$0A@@std@@@std@@IAE?AV?$_Tree_iterator@V?$_Tree_val@V?$_Tmap_traits@KPAUplayer_ban_count@@U?$less@K@std@@V?$allocator@U?$pair@$$CBKPAUplayer_ban_count@@@std@@@3@$0A@@std@@@std@@@2@_NPAU_Node@?$_Tree_nod@V?$_Tmap_traits@KPAUplayer_ban_count@@U?$less@K@std@@V?$allocator@U?$pair@$$CBKPAUplayer_ban_count@@@std@@@3@$0A@@std@@@2@1@Z 10006020 f i hlds_patch.obj
 0001:00005300       ??F?$_Tree_unchecked_const_iterator@V?$_Tree_val@V?$_Tmap_traits@KPAUplayer_ban_count@@U?$less@K@std@@V?$allocator@U?$pair@$$CBKPAUplayer_ban_count@@@std@@@3@$0A@@std@@@std@@U_Iterator_base0@2@@std@@QAEAAV01@XZ 10006300 f i hlds_patch.obj
 0001:000053c0       ??$_Buynode@U?$pair@$$CBKPAUplayer_ban_count@@@std@@@?$_Tree_val@V?$_Tmap_traits@KPAUplayer_ban_count@@U?$less@K@std@@V?$allocator@U?$pair@$$CBKPAUplayer_ban_count@@@std@@@3@$0A@@std@@@std@@QAEPAU_Node@?$_Tree_nod@V?$_Tmap_traits@KPAUplayer_ban_count@@U?$less@K@std@@V?$allocator@U?$pair@$$CBKPAUplayer_ban_count@@@std@@@3@$0A@@std@@@1@$$QAU?$pair@$$CBKPAUplayer_ban_count@@@1@@Z 100063c0 f i hlds_patch.obj
 0001:00005460       ?_Buynode@?$_Tree_val@V?$_Tmap_traits@KPAUplayer_ban_count@@U?$less@K@std@@V?$allocator@U?$pair@$$CBKPAUplayer_ban_count@@@std@@@3@$0A@@std@@@std@@QAEPAU_Node@?$_Tree_nod@V?$_Tmap_traits@KPAUplayer_ban_count@@U?$less@K@std@@V?$allocator@U?$pair@$$CBKPAUplayer_ban_count@@@std@@@3@$0A@@std@@@2@XZ 10006460 f i hlds_patch.obj
 0001:000054b0       ??$_Allocate@U_Node@?$_Tree_nod@V?$_Tmap_traits@KPAUplayer_ban_count@@U?$less@K@std@@V?$allocator@U?$pair@$$CBKPAUplayer_ban_count@@@std@@@3@$0A@@std@@@std@@@std@@YAPAU_Node@?$_Tree_nod@V?$_Tmap_traits@KPAUplayer_ban_count@@U?$less@K@std@@V?$allocator@U?$pair@$$CBKPAUplayer_ban_count@@@std@@@3@$0A@@std@@@0@IPAU120@@Z 100064b0 f i hlds_patch.obj
 0001:00005520       ??$_Cons_val@V?$allocator@U?$pair@$$CBKPAUplayer_ban_count@@@std@@@std@@U?$pair@$$CBKPAUplayer_ban_count@@@2@U32@@std@@YAXAAV?$allocator@U?$pair@$$CBKPAUplayer_ban_count@@@std@@@0@PAU?$pair@$$CBKPAUplayer_ban_count@@@0@$$QAU20@@Z 10006520 f i hlds_patch.obj
 0001:00005570       ??0?$list@PAUqueue_packet_s@@V?$allocator@PAUqueue_packet_s@@@std@@@std@@QAE@XZ 10006570 f i hlds_patch.obj
 0001:000055d0       ??0?$map@KPAUplayer_ban_count@@U?$less@K@std@@V?$allocator@U?$pair@$$CBKPAUplayer_ban_count@@@std@@@3@@std@@QAE@XZ 100065d0 f i hlds_patch.obj
 0001:00005600       ??0?$_Tree_val@V?$_Tmap_traits@KPAUplayer_ban_count@@U?$less@K@std@@V?$allocator@U?$pair@$$CBKPAUplayer_ban_count@@@std@@@3@$0A@@std@@@std@@QAE@ABU?$less@K@1@V?$allocator@U?$pair@$$CBKPAUplayer_ban_count@@@std@@@1@@Z 10006600 f i hlds_patch.obj
 0001:00005680       ?_Tidy@?$vector@PAUconnect_list_s@@V?$allocator@PAUconnect_list_s@@@std@@@std@@IAEXXZ 10006680 f i hlds_patch.obj
 0001:000056e0       ??1?$_Vector_val@PAUconnect_list_s@@V?$allocator@PAUconnect_list_s@@@std@@@std@@QAE@XZ 100066e0 f i hlds_patch.obj
 0001:000056f0       ?_Tidy@?$vector@PAUfake_connect_s@@V?$allocator@PAUfake_connect_s@@@std@@@std@@IAEXXZ 100066f0 f i hlds_patch.obj
 0001:00005750       ??1?$_Vector_val@PAUfake_connect_s@@V?$allocator@PAUfake_connect_s@@@std@@@std@@QAE@XZ 10006750 f i hlds_patch.obj
 0001:00005760       ??1?$_List_val@PAUqueue_packet_s@@V?$allocator@PAUqueue_packet_s@@@std@@@std@@QAE@XZ 10006760 f i hlds_patch.obj
 0001:00005790       ?clear@?$list@PAUqueue_packet_s@@V?$allocator@PAUqueue_packet_s@@@std@@@std@@QAEXXZ 10006790 f i hlds_patch.obj
 0001:00005820       ??1?$_Tree@V?$_Tmap_traits@KPAUplayer_ban_count@@U?$less@K@std@@V?$allocator@U?$pair@$$CBKPAUplayer_ban_count@@@std@@@3@$0A@@std@@@std@@QAE@XZ 10006820 f i hlds_patch.obj
 0001:000058c0       ??1?$_Tree_val@V?$_Tmap_traits@KPAUplayer_ban_count@@U?$less@K@std@@V?$allocator@U?$pair@$$CBKPAUplayer_ban_count@@@std@@@3@$0A@@std@@@std@@QAE@XZ 100068c0 f i hlds_patch.obj
 0001:000058f0       ?erase@?$_Tree@V?$_Tmap_traits@KPAUplayer_ban_count@@U?$less@K@std@@V?$allocator@U?$pair@$$CBKPAUplayer_ban_count@@@std@@@3@$0A@@std@@@std@@QAE?AV?$_Tree_iterator@V?$_Tree_val@V?$_Tmap_traits@KPAUplayer_ban_count@@U?$less@K@std@@V?$allocator@U?$pair@$$CBKPAUplayer_ban_count@@@std@@@3@$0A@@std@@@std@@@2@V?$_Tree_const_iterator@V?$_Tree_val@V?$_Tmap_traits@KPAUplayer_ban_count@@U?$less@K@std@@V?$allocator@U?$pair@$$CBKPAUplayer_ban_count@@@std@@@3@$0A@@std@@@std@@@2@0@Z 100068f0 f i hlds_patch.obj
 0001:000059d0       ?clear@?$_Tree@V?$_Tmap_traits@KPAUplayer_ban_count@@U?$less@K@std@@V?$allocator@U?$pair@$$CBKPAUplayer_ban_count@@@std@@@3@$0A@@std@@@std@@QAEXXZ 100069d0 f i hlds_patch.obj
 0001:00005a30       ?_Erase@?$_Tree@V?$_Tmap_traits@KPAUplayer_ban_count@@U?$less@K@std@@V?$allocator@U?$pair@$$CBKPAUplayer_ban_count@@@std@@@3@$0A@@std@@@std@@IAEXPAU_Node@?$_Tree_nod@V?$_Tmap_traits@KPAUplayer_ban_count@@U?$less@K@std@@V?$allocator@U?$pair@$$CBKPAUplayer_ban_count@@@std@@@3@$0A@@std@@@2@@Z 10006a30 f i hlds_patch.obj
 0001:00005aa0       ?Info_ValueForKey@@YAPBDPBD0@Z 10006aa0 f   info.obj
 0001:00005c80       ?Info_RemoveKey@@YAXPADPBD@Z 10006c80 f   info.obj
 0001:00005e20       ?Info_RemovePrefixedKeys@@YAXPADD@Z 10006e20 f   info.obj
 0001:00005fd0       ?Info_FindLargestKey@@YAPADPADH@Z 10006fd0 f   info.obj
 0001:000061a0       ?Info_SetValueForStarKey@@YAXPADPBD1H@Z 100071a0 f   info.obj
 0001:00006370       ?Info_SetValueForKey@@YAXPADPBD1H@Z 10007370 f   info.obj
 0001:000063a0       ?GetHash@@YAKPBEKIPAD@Z    100073a0 f   lisence.obj
 0001:00006a00       ?GetMachine@@YAXPAD@Z      10007a00 f   lisence.obj
 0001:00006ab0       ?CheckLisence@@YA_NPAD@Z   10007ab0 f   lisence.obj
 0001:00006b00       ??1?$XorStr@$0EP@$0BA@$0?EOKKEAJ@@@QAE@XZ 10007b00 f i lisence.obj
 0001:00006b30       ??1?$XorStr@$0EK@$0O@$0?HCABNBHI@@@QAE@XZ 10007b30 f i lisence.obj
 0001:00006b60       ??1?$XorStr@$0HB@$0BC@$0?EBBFGDGK@@@QAE@XZ 10007b60 f i lisence.obj
 0001:00006b90       ??1?$XorStr@$0GL@$0BE@$0?DCIJECOK@@@QAE@XZ 10007b90 f i lisence.obj
 0001:00006bc0       ??1?$XorStr@$0DM@$0BB@$0BFIKFKNA@@@QAE@XZ 10007bc0 f i lisence.obj
 0001:00006bf0       ??0?$XorStr@$0FG@$0N@$0?GAKDDCNB@@@QAE@PBD@Z 10007bf0 f i lisence.obj
 0001:00006c70       ??0?$XorStr@$0EP@$0BA@$0?EOKKEAJ@@@QAE@PBD@Z 10007c70 f i lisence.obj
 0001:00006cf0       ??0?$XorStr@$0EK@$0O@$0?HCABNBHI@@@QAE@PBD@Z 10007cf0 f i lisence.obj
 0001:00006d70       ??0?$XorStr@$0HB@$0BC@$0?EBBFGDGK@@@QAE@PBD@Z 10007d70 f i lisence.obj
 0001:00006df0       ??0?$XorStr@$0GL@$0BE@$0?DCIJECOK@@@QAE@PBD@Z 10007df0 f i lisence.obj
 0001:00006e70       ??0?$XorStr@$0DM@$0BB@$0BFIKFKNA@@@QAE@PBD@Z 10007e70 f i lisence.obj
 0001:00006f10       _GetEntityAPI2             10007f10 f   amxxmodule.obj
 0001:00006fc0       _GetEntityAPI2_Post        10007fc0 f   amxxmodule.obj
 0001:00007070       _GetEngineFunctions        10008070 f   amxxmodule.obj
 0001:00007120       _GetEngineFunctions_Post   10008120 f   amxxmodule.obj
 0001:000071d0       _GetNewDLLFunctions        100081d0 f   amxxmodule.obj
 0001:00007270       _GetNewDLLFunctions_Post   10008270 f   amxxmodule.obj
 0001:00007310       _Meta_Query                10008310 f   amxxmodule.obj
 0001:000074e0       _Meta_Attach               100084e0 f   amxxmodule.obj
 0001:00007580       _Meta_Detach               10008580 f   amxxmodule.obj
 0001:000075c0       _GiveFnptrsToDll           100085c0 f   amxxmodule.obj
 0001:00007600       _AMXX_Query                10008600 f   amxxmodule.obj
 0001:00007650       _AMXX_CheckGame            10008650 f   amxxmodule.obj
 0001:00007660       _AMXX_Attach               10008660 f   amxxmodule.obj
 0001:000080c0       _AMXX_Detach               100090c0 f   amxxmodule.obj
 0001:000080d0       _AMXX_PluginsLoaded        100090d0 f   amxxmodule.obj
 0001:000080e0       _AMXX_PluginsUnloaded      100090e0 f   amxxmodule.obj
 0001:000080f0       _AMXX_PluginsUnloading     100090f0 f   amxxmodule.obj
 0001:00008100       ?MF_Log@@YAXPBDZZ          10009100 f   amxxmodule.obj
 0001:00008150       ?MF_LogError@@YAXPAUtagAMX@@HPBDZZ 10009150 f   amxxmodule.obj
 0001:000081b0       ?UTIL_VarArgs@@YAPADPADZZ  100091b0 f   amxxmodule.obj
 0001:000081f0       ?UTIL_LogPrintf@@YAXPADZZ  100091f0 f   amxxmodule.obj
 0001:00008240       ?UTIL_HudMessage@@YAXPAVCBaseEntity@@ABUhudtextparms_s@@PBD@Z 10009240 f   amxxmodule.obj
 0001:00008480       ?FixedSigned16@@YAFMM@Z    10009480 f   amxxmodule.obj
 0001:000084c0       ?FixedUnsigned16@@YAGMM@Z  100094c0 f   amxxmodule.obj
 0001:00008500       ?SUB_CallUseToggle@CBaseEntity@@QAEXXZ 10009500 f i amxxmodule.obj
 0001:0000852c       _IsBadReadPtr@8            1000952c f   kernel32:KERNEL32.dll
 0001:00008532       _VirtualQuery@12           10009532 f   kernel32:KERNEL32.dll
 0001:00008538       _GetVersionExA@4           10009538 f   kernel32:KERNEL32.dll
 0001:0000853e       _CloseHandle@4             1000953e f   kernel32:KERNEL32.dll
 0001:00008544       _DeviceIoControl@32        10009544 f   kernel32:KERNEL32.dll
 0001:0000854a       _CreateFileA@28            1000954a f   kernel32:KERNEL32.dll
 0001:00008550       _IsBadWritePtr@8           10009550 f   kernel32:KERNEL32.dll
 0001:00008556       _GetTickCount@0            10009556 f   kernel32:KERNEL32.dll
 0001:0000855c       _GetCurrentThreadId@0      1000955c f   kernel32:KERNEL32.dll
 0001:00008562       _VirtualProtect@16         10009562 f   kernel32:KERNEL32.dll
 0001:00008568       _LoadLibraryA@4            10009568 f   kernel32:KERNEL32.dll
 0001:0000856e       _GetCurrentProcess@0       1000956e f   kernel32:KERNEL32.dll
 0001:00008574       _GetCurrentProcessId@0     10009574 f   kernel32:KERNEL32.dll
 0001:0000857a       _GetLocalTime@4            1000957a f   kernel32:KERNEL32.dll
 0001:00008580       _GetModuleHandleA@4        10009580 f   kernel32:KERNEL32.dll
 0001:00008586       _GetProcAddress@8          10009586 f   kernel32:KERNEL32.dll
 0001:0000858c       _InitializeCriticalSection@4 1000958c f   kernel32:KERNEL32.dll
 0001:00008592       _FlushFileBuffers@4        10009592 f   kernel32:KERNEL32.dll
 0001:00008598       _WriteFile@20              10009598 f   kernel32:KERNEL32.dll
 0001:0000859e       _DeleteCriticalSection@4   1000959e f   kernel32:KERNEL32.dll
 0001:000085a4       _SetFilePointer@16         100095a4 f   kernel32:KERNEL32.dll
 0001:000085aa       _GetLastError@0            100095aa f   kernel32:KERNEL32.dll
 0001:000085b0       _GetPrivateProfileIntA@16  100095b0 f   kernel32:KERNEL32.dll
 0001:000085b6       _GetCurrentThread@0        100095b6 f   kernel32:KERNEL32.dll
 0001:000085bc       _GetPrivateProfileStringA@24 100095bc f   kernel32:KERNEL32.dll
 0001:000085c2       _GetCurrentDirectoryA@8    100095c2 f   kernel32:KERNEL32.dll
 0001:000085d0       _DetourCodeFromPointer@8   100095d0 f   detours:detours.obj
 0001:000085f0       ?detour_skip_jmp@@YAPAEPAEPAPAX@Z 100095f0 f i detours:detours.obj
 0001:00008820       _DetourSetIgnoreTooSmall@4 10009820 f   detours:detours.obj
 0001:00008840       _DetourSetRetainRegions@4  10009840 f   detours:detours.obj
 0001:00008860       _DetourTransactionBegin@0  10009860 f   detours:detours.obj
 0001:00008920       _DetourTransactionAbort@0  10009920 f   detours:detours.obj
 0001:00008ad0       _DetourTransactionCommit@0 10009ad0 f   detours:detours.obj
 0001:00008ae0       _DetourTransactionCommitEx@4 10009ae0 f   detours:detours.obj
 0001:00008eb0       ?detour_gen_jmp_immediate@@YAPAEPAE0@Z 10009eb0 f i detours:detours.obj
 0001:00008ef0       ?detour_gen_brk@@YAPAEPAE0@Z 10009ef0 f i detours:detours.obj
 0001:000090c0       _DetourUpdateThread@4      1000a0c0 f   detours:detours.obj
 0001:00009180       _DetourGetLength@0         1000a180 f   detours:detours.obj
 0001:00009190       _DetourGetProtect@0        1000a190 f   detours:detours.obj
 0001:000091a0       _DetourAttach@8            1000a1a0 f   detours:detours.obj
 0001:000091c0       _DetourAttachEx@20         1000a1c0 f   detours:detours.obj
 0001:000095e0       ?detour_does_code_end_function@@YAHPAE@Z 1000a5e0 f i detours:detours.obj
 0001:000096e0       ?detour_is_code_filler@@YAKPAE@Z 1000a6e0 f i detours:detours.obj
 0001:00009be0       _DetourDetach@8            1000abe0 f   detours:detours.obj
 0001:00009db0       _DetourCopyInstruction@20  1000adb0 f   detours:disasm.obj
 0001:00009df0       ??0CDetourDis@@QAE@PAPAEPAJ@Z 1000adf0 f   detours:disasm.obj
 0001:00009e80       ?CopyInstruction@CDetourDis@@QAEPAEPAE0@Z 1000ae80 f   detours:disasm.obj
 0001:00009ee0       ?CopyBytes@CDetourDis@@IAEPAEPBUCOPYENTRY@1@PAE1@Z 1000aee0 f   detours:disasm.obj
 0001:0000a0c0       ?CopyBytesPrefix@CDetourDis@@IAEPAEPBUCOPYENTRY@1@PAE1@Z 1000b0c0 f   detours:disasm.obj
 0001:0000a110       ?CopyBytesRax@CDetourDis@@IAEPAEPBUCOPYENTRY@1@PAE1@Z 1000b110 f   detours:disasm.obj
 0001:0000a180       ?CopyBytesJump@CDetourDis@@IAEPAEPBUCOPYENTRY@1@PAE1@Z 1000b180 f   detours:disasm.obj
 0001:0000a260       ?AdjustTarget@CDetourDis@@IAEPAEPAE0JJJ@Z 1000b260 f   detours:disasm.obj
 0001:0000a3d0       ?Invalid@CDetourDis@@IAEPAEPBUCOPYENTRY@1@PAE1@Z 1000b3d0 f   detours:disasm.obj
 0001:0000a3f0       ?Copy0F@CDetourDis@@IAEPAEPBUCOPYENTRY@1@PAE1@Z 1000b3f0 f   detours:disasm.obj
 0001:0000a440       ?Copy66@CDetourDis@@IAEPAEPBUCOPYENTRY@1@PAE1@Z 1000b440 f   detours:disasm.obj
 0001:0000a470       ?Copy67@CDetourDis@@IAEPAEPBUCOPYENTRY@1@PAE1@Z 1000b470 f   detours:disasm.obj
 0001:0000a4a0       ?CopyF6@CDetourDis@@IAEPAEPBUCOPYENTRY@1@PAE1@Z 1000b4a0 f   detours:disasm.obj
 0001:0000a500       ?CopyF7@CDetourDis@@IAEPAEPBUCOPYENTRY@1@PAE1@Z 1000b500 f   detours:disasm.obj
 0001:0000a560       ?CopyFF@CDetourDis@@IAEPAEPBUCOPYENTRY@1@PAE1@Z 1000b560 f   detours:disasm.obj
 0001:0000a610       ?SanityCheckSystem@CDetourDis@@SAHXZ 1000b610 f   detours:disasm.obj
 0001:0000a6c0       _memset                    1000b6c0 f   LIBCMT:memset.obj
 0001:0000a73a       _sprintf                   1000b73a f   LIBCMT:sprintf.obj
 0001:0000a7be       __sprintf_l                1000b7be f   LIBCMT:sprintf.obj
 0001:0000a7da       _sprintf_s                 1000b7da f   LIBCMT:sprintf.obj
 0001:0000a7f8       __sprintf_s_l              1000b7f8 f   LIBCMT:sprintf.obj
 0001:0000a817       __snprintf_s               1000b817 f   LIBCMT:sprintf.obj
 0001:0000a838       __snprintf_s_l             1000b838 f   LIBCMT:sprintf.obj
 0001:0000a85a       __sprintf_p                1000b85a f   LIBCMT:sprintf.obj
 0001:0000a878       __sprintf_p_l              1000b878 f   LIBCMT:sprintf.obj
 0001:0000a897       __scprintf                 1000b897 f   LIBCMT:sprintf.obj
 0001:0000a8ac       __scprintf_p               1000b8ac f   LIBCMT:sprintf.obj
 0001:0000a8c1       __scprintf_l               1000b8c1 f   LIBCMT:sprintf.obj
 0001:0000a8da       __scprintf_p_l             1000b8da f   LIBCMT:sprintf.obj
 0001:0000a8f3       ?_JumpToContinuation@@YGXPAXPAUEHRegistrationNode@@@Z 1000b8f3 f   LIBCMT:_trnsctrl_.obj
 0001:0000a925       ?_CallMemberFunction0@@YGXPAX0@Z 1000b925 f   LIBCMT:_trnsctrl_.obj
 0001:0000a92c       ?_CallMemberFunction1@@YGXPAX00@Z 1000b92c f   LIBCMT:_trnsctrl_.obj
 0001:0000a933       ?_CallMemberFunction2@@YGXPAX00H@Z 1000b933 f   LIBCMT:_trnsctrl_.obj
 0001:0000a93a       ?_UnwindNestedFrames@@YGXPAUEHRegistrationNode@@PAUEHExceptionRecord@@@Z 1000b93a f   LIBCMT:_trnsctrl_.obj
 0001:0000a98e       ___CxxFrameHandler         1000b98e f   LIBCMT:_trnsctrl_.obj
 0001:0000a9c4       ___CxxFrameHandler3        1000b9c4 f   LIBCMT:_trnsctrl_.obj
 0001:0000a9fa       ___CxxFrameHandler2        1000b9fa f   LIBCMT:_trnsctrl_.obj
 0001:0000aa30       ___CxxLongjmpUnwind@4      1000ba30 f   LIBCMT:_trnsctrl_.obj
 0001:0000aa82       ?_CallSETranslator@@YAHPAUEHExceptionRecord@@PAUEHRegistrationNode@@PAX2PBU_s_FuncInfo@@H1@Z 1000ba82 f   LIBCMT:_trnsctrl_.obj
 0001:0000abf8       ?_GetRangeOfTrysToCheck@@YAPBU_s_TryBlockMapEntry@@PBU_s_FuncInfo@@HHPAI1@Z 1000bbf8 f   LIBCMT:_trnsctrl_.obj
 0001:0000ac6b       __CreateFrameInfo          1000bc6b f   LIBCMT:_trnsctrl_.obj
 0001:0000ac97       __IsExceptionObjectToBeDestroyed 1000bc97 f   LIBCMT:_trnsctrl_.obj
 0001:0000acbe       __FindAndUnlinkFrame       1000bcbe f   LIBCMT:_trnsctrl_.obj
 0001:0000ad10       ?_CallCatchBlock2@@YAPAXPAUEHRegistrationNode@@PBU_s_FuncInfo@@PAXHK@Z 1000bd10 f   LIBCMT:_trnsctrl_.obj
 0001:0000adb3       __itoa                     1000bdb3 f   LIBCMT:xtoa.obj
 0001:0000addd       __ltoa                     1000bddd f   LIBCMT:xtoa.obj
 0001:0000ae04       __ultoa                    1000be04 f   LIBCMT:xtoa.obj
 0001:0000ae8d       __i64toa                   1000be8d f   LIBCMT:xtoa.obj
 0001:0000aec0       __ui64toa                  1000bec0 f   LIBCMT:xtoa.obj
 0001:0000aee0       _strncpy                   1000bee0 f   LIBCMT:strncpy.obj
 0001:0000b0ba       ___onexitinit              1000c0ba f   LIBCMT:onexit.obj
 0001:0000b0eb       __onexit                   1000c0eb f   LIBCMT:onexit.obj
 0001:0000b127       _atexit                    1000c127 f   LIBCMT:onexit.obj
 0001:0000b140       _strcpy                    1000c140 f   LIBCMT:strcat.obj
 0001:0000b150       _strcat                    1000c150 f   LIBCMT:strcat.obj
 0001:0000b240       _strcmp                    1000c240 f   LIBCMT:strcmp.obj
 0001:0000b2d0       _strlen                    1000c2d0 f   LIBCMT:strlen.obj
 0001:0000b360       _strstr                    1000c360 f   LIBCMT:strstr.obj
 0001:0000b3f0       _memcpy                    1000c3f0 f   LIBCMT:memcpy.obj
 0001:0000b751       _strncmp                   1000c751 f   LIBCMT:strncmp.obj
 0001:0000b811       ??0bad_alloc@std@@QAE@XZ   1000c811 f i LIBCMT:new.obj
 0001:0000b837       ??2@YAPAXI@Z               1000c837 f   LIBCMT:new.obj
 0001:0000b8b7       ??3@YAXPAX@Z               1000c8b7 f   LIBCMT:delete.obj
 0001:0000b8c2       __snprintf                 1000c8c2 f   LIBCMT:snprintf.obj
 0001:0000b96e       __snprintf_l               1000c96e f   LIBCMT:snprintf.obj
 0001:0000b98d       __MarkAllocaS              1000c98d f i LIBCMT:strlwr.obj
 0001:0000b9a3       __freea                    1000c9a3 f i LIBCMT:strlwr.obj
 0001:0000b9c3       ??0_LocaleUpdate@@QAE@PAUlocaleinfo_struct@@@Z 1000c9c3 f i LIBCMT:strlwr.obj
 0001:0000ba4a       ??1_LocaleUpdate@@QAE@XZ   1000ca4a f i LIBCMT:strlwr.obj
 0001:0000ba58       ?GetLocaleT@_LocaleUpdate@@QAEPAUlocaleinfo_struct@@XZ 1000ca58 f i LIBCMT:strlwr.obj
 0001:0000ba5b       ?_strlwr_s_l_stat@@YAHPADIPAUlocaleinfo_struct@@@Z 1000ca5b f   LIBCMT:strlwr.obj
 0001:0000bbd9       __strlwr_s_l               1000cbd9 f   LIBCMT:strlwr.obj
 0001:0000bc0d       __strlwr_s                 1000cc0d f   LIBCMT:strlwr.obj
 0001:0000bc24       __strlwr_l                 1000cc24 f   LIBCMT:strlwr.obj
 0001:0000bc3e       __strlwr                   1000cc3e f   LIBCMT:strlwr.obj
 0001:0000bc9b       ?name@type_info@@QBEPBDPAU__type_info_node@@@Z 1000cc9b f   LIBCMT:typinfo.obj
 0001:0000bcaf       ??1type_info@@UAE@XZ       1000ccaf f   LIBCMT:typinfo.obj
 0001:0000bcbf       ??_Gtype_info@@UAEPAXI@Z   1000ccbf f i LIBCMT:typinfo.obj
 0001:0000bcbf       ??_Etype_info@@UAEPAXI@Z   1000ccbf f i LIBCMT:typinfo.obj
 0001:0000bce0       ?_name_internal_method@type_info@@QBEPBDPAU__type_info_node@@@Z 1000cce0 f   LIBCMT:typinfo.obj
 0001:0000bcf4       ?_type_info_dtor_internal_method@type_info@@QAEXXZ 1000ccf4 f   LIBCMT:typinfo.obj
 0001:0000bcfe       ??8type_info@@QBE_NABV0@@Z 1000ccfe f   LIBCMT:typinfo.obj
 0001:0000bd1e       ??9type_info@@QBE_NABV0@@Z 1000cd1e f   LIBCMT:typinfo.obj
 0001:0000bd3f       ?before@type_info@@QBEHABV1@@Z 1000cd3f f   LIBCMT:typinfo.obj
 0001:0000bd63       ?raw_name@type_info@@QBEPBDXZ 1000cd63 f   LIBCMT:typinfo.obj
 0001:0000bd67       ??0type_info@@AAE@ABV0@@Z  1000cd67 f   LIBCMT:typinfo.obj
 0001:0000bd72       ??4type_info@@AAEAAV0@ABV0@@Z 1000cd72 f   LIBCMT:typinfo.obj
 0001:0000bd77       __invoke_watson_if_error   1000cd77 f i LIBCMT:strftime.obj
 0001:0000bd98       __Getdays_l                1000cd98 f   LIBCMT:strftime.obj
 0001:0000be80       __Getdays                  1000ce80 f   LIBCMT:strftime.obj
 0001:0000be89       __Getmonths_l              1000ce89 f   LIBCMT:strftime.obj
 0001:0000bf79       __Getmonths                1000cf79 f   LIBCMT:strftime.obj
 0001:0000bf82       __Gettnames_l              1000cf82 f   LIBCMT:strftime.obj
 0001:0000c26c       __Gettnames                1000d26c f   LIBCMT:strftime.obj
 0001:0000cb58       __Strftime_l               1000db58 f   LIBCMT:strftime.obj
 0001:0000cce4       __strftime_l               1000dce4 f   LIBCMT:strftime.obj
 0001:0000cd04       _strftime                  1000dd04 f   LIBCMT:strftime.obj
 0001:0000cd23       __Strftime                 1000dd23 f   LIBCMT:strftime.obj
 0001:0000cd43       __localtime64_s            1000dd43 f   LIBCMT:loctim64.obj
 0001:0000cfcb       __localtime64              1000dfcb f   LIBCMT:loctim64.obj
 0001:0000cff3       __time64                   1000dff3 f   LIBCMT:time64.obj
 0001:0000d044       ??_V@YAXPAX@Z              1000e044 f   LIBCMT:delete2.obj
 0001:0000d04f       ??_U@YAPAXI@Z              1000e04f f   LIBCMT:new2.obj
 0001:0000d05a       __vsnprintf_helper         1000e05a f   LIBCMT:vsnprnc.obj
 0001:0000d124       __vsnprintf_c              1000e124 f   LIBCMT:vsnprnc.obj
 0001:0000d14d       __vsnprintf_c_l            1000e14d f   LIBCMT:vsnprnc.obj
 0001:0000d177       __vsprintf_s_l             1000e177 f   LIBCMT:vsnprnc.obj
 0001:0000d1ee       _vsprintf_s                1000e1ee f   LIBCMT:vsnprnc.obj
 0001:0000d20b       __vsnprintf_s_l            1000e20b f   LIBCMT:vsnprnc.obj
 0001:0000d2f7       __vsnprintf_s              1000e2f7 f   LIBCMT:vsnprnc.obj
 0001:0000d317       __vsprintf_p               1000e317 f   LIBCMT:vsnprnc.obj
 0001:0000d340       __vsprintf_p_l             1000e340 f   LIBCMT:vsnprnc.obj
 0001:0000d370       __chkstk                   1000e370 f   LIBCMT:chkstk.obj
 0001:0000d370       __alloca_probe             1000e370     LIBCMT:chkstk.obj
 0001:0000d39b       __CxxThrowException@8      1000e39b f   LIBCMT:throw.obj
 0001:0000d3f0       _memmove                   1000e3f0 f   LIBCMT:memmove.obj
 0001:0000d751       ??0exception@std@@QAE@XZ   1000e751 f   LIBCMT:stdexcpt.obj
 0001:0000d762       ??0exception@std@@QAE@ABQBDH@Z 1000e762 f   LIBCMT:stdexcpt.obj
 0001:0000d77f       ?what@exception@std@@UBEPBDXZ 1000e77f f   LIBCMT:stdexcpt.obj
 0001:0000d78c       ?_Copy_str@exception@std@@AAEXPBD@Z 1000e78c f   LIBCMT:stdexcpt.obj
 0001:0000d7cc       ?_Tidy@exception@std@@AAEXXZ 1000e7cc f   LIBCMT:stdexcpt.obj
 0001:0000d7ea       ??0exception@std@@QAE@ABQBD@Z 1000e7ea f   LIBCMT:stdexcpt.obj
 0001:0000d811       ??4exception@std@@QAEAAV01@ABV01@@Z 1000e811 f   LIBCMT:stdexcpt.obj
 0001:0000d846       ??1exception@std@@UAE@XZ   1000e846 f   LIBCMT:stdexcpt.obj
 0001:0000d851       ??0bad_cast@std@@QAE@PBD@Z 1000e851 f   LIBCMT:stdexcpt.obj
 0001:0000d86f       ??1bad_cast@std@@UAE@XZ    1000e86f f   LIBCMT:stdexcpt.obj
 0001:0000d87a       ??0bad_typeid@std@@QAE@PBD@Z 1000e87a f   LIBCMT:stdexcpt.obj
 0001:0000d898       ??1bad_typeid@std@@UAE@XZ  1000e898 f   LIBCMT:stdexcpt.obj
 0001:0000d8a3       ??0__non_rtti_object@std@@QAE@PBD@Z 1000e8a3 f   LIBCMT:stdexcpt.obj
 0001:0000d8c0       ??1__non_rtti_object@std@@UAE@XZ 1000e8c0 f   LIBCMT:stdexcpt.obj
 0001:0000d8cb       ??_Gexception@std@@UAEPAXI@Z 1000e8cb f i LIBCMT:stdexcpt.obj
 0001:0000d8cb       ??_Eexception@std@@UAEPAXI@Z 1000e8cb f i LIBCMT:stdexcpt.obj
 0001:0000d8f2       ??0exception@std@@QAE@ABV01@@Z 1000e8f2 f   LIBCMT:stdexcpt.obj
 0001:0000d917       ??_Ebad_cast@std@@UAEPAXI@Z 1000e917 f i LIBCMT:stdexcpt.obj
 0001:0000d917       ??_Gbad_cast@std@@UAEPAXI@Z 1000e917 f i LIBCMT:stdexcpt.obj
 0001:0000d93e       ??0bad_cast@std@@QAE@ABV01@@Z 1000e93e f   LIBCMT:stdexcpt.obj
 0001:0000d95b       ??_Gbad_typeid@std@@UAEPAXI@Z 1000e95b f i LIBCMT:stdexcpt.obj
 0001:0000d95b       ??_Ebad_typeid@std@@UAEPAXI@Z 1000e95b f i LIBCMT:stdexcpt.obj
 0001:0000d982       ??0bad_typeid@std@@QAE@ABV01@@Z 1000e982 f   LIBCMT:stdexcpt.obj
 0001:0000d99f       ??_E__non_rtti_object@std@@UAEPAXI@Z 1000e99f f i LIBCMT:stdexcpt.obj
 0001:0000d99f       ??_G__non_rtti_object@std@@UAEPAXI@Z 1000e99f f i LIBCMT:stdexcpt.obj
 0001:0000d9c6       ??0__non_rtti_object@std@@QAE@ABV01@@Z 1000e9c6 f   LIBCMT:stdexcpt.obj
 0001:0000d9e3       __tolower                  1000e9e3 f   LIBCMT:tolower.obj
 0001:0000d9f0       __tolower_l                1000e9f0 f   LIBCMT:tolower.obj
 0001:0000db05       _tolower                   1000eb05 f   LIBCMT:tolower.obj
 0001:0000db9f       _sscanf                    1000eb9f f   LIBCMT:sscanf.obj
 0001:0000dbc1       __sscanf_l                 1000ebc1 f   LIBCMT:sscanf.obj
 0001:0000dbe4       _sscanf_s                  1000ebe4 f   LIBCMT:sscanf.obj
 0001:0000dc06       __sscanf_s_l               1000ec06 f   LIBCMT:sscanf.obj
 0001:0000dc29       __cfltcvt_init             1000ec29 f   LIBCMT:_fpinit_.obj
 0001:0000dc89       ___setfflag                1000ec89 f   LIBCMT:_fpinit_.obj
 0001:0000dc9e       __fpmath                   1000ec9e f   LIBCMT:_fpinit_.obj
 0001:0000dcc0       __ftol2_sse                1000ecc0 f   LIBCMT:ftol2.obj
 0001:0000dcc9       __ftol2_pentium4           1000ecc9 f   LIBCMT:ftol2.obj
 0001:0000dcdc       __ftol2_sse_excpt          1000ecdc f   LIBCMT:ftol2.obj
 0001:0000dcf6       __ftol2                    1000ecf6 f   LIBCMT:ftol2.obj
 0001:0000dd6b       __vsnprintf_l              1000ed6b f   LIBCMT:vsnprint.obj
 0001:0000de17       __vsnprintf                1000ee17 f   LIBCMT:vsnprint.obj
 0001:0000de34       __CRT_INIT@12              1000ee34 f   LIBCMT:dllcrt0.obj
 0001:0000e08e       __DllMainCRTStartup@12     1000f08e f   LIBCMT:dllcrt0.obj
 0001:0000e0f0       __except_handler4          1000f0f0 f   LIBCMT:chandler4.obj
 0001:0000e27f       @__security_check_cookie@4 1000f27f f   LIBCMT:secchk.obj
 0001:0000e28e       __VEC_memzero              1000f28e f   LIBCMT:p4_memset.obj
 0001:0000e348       ___sse2_available_init     1000f348 f   LIBCMT:cpu_disp.obj
 0001:0000e358       __flsbuf                   1000f358 f   LIBCMT:_flsbuf.obj
 0001:0000e577       _get_int_arg               1000f577 f i LIBCMT:output.obj
 0001:0000e589       _get_int64_arg             1000f589 f i LIBCMT:output.obj
 0001:0000e59e       _get_short_arg             1000f59e f i LIBCMT:output.obj
 0001:0000e5b1       __output_l                 1000f5b1 f   LIBCMT:output.obj
 0001:0000f1b9       __initp_misc_invarg        100101b9 f   LIBCMT:invarg.obj
 0001:0000f1c8       __call_reportfault         100101c8 f   LIBCMT:invarg.obj
 0001:0000f2f1       __set_invalid_parameter_handler 100102f1 f   LIBCMT:invarg.obj
 0001:0000f318       __get_invalid_parameter_handler 10010318 f   LIBCMT:invarg.obj
 0001:0000f325       __invoke_watson            10010325 f   LIBCMT:invarg.obj
 0001:0000f34a       ?_invoke_watson@@YAXPBG00II@Z 1001034a f   LIBCMT:invarg.obj
 0001:0000f364       __invalid_parameter        10010364 f   LIBCMT:invarg.obj
 0001:0000f391       __invalid_parameter_noinfo 10010391 f   LIBCMT:invarg.obj
 0001:0000f3a1       __invalid_parameter_noinfo_noreturn 100103a1 f   LIBCMT:invarg.obj
 0001:0000f3cf       ?_invalid_parameter@@YAXPBG00II@Z 100103cf f   LIBCMT:invarg.obj
 0001:0000f3da       __get_errno_from_oserr     100103da f   LIBCMT:dosmap.obj
 0001:0000f41c       __errno                    1001041c f   LIBCMT:dosmap.obj
 0001:0000f42f       ___doserrno                1001042f f   LIBCMT:dosmap.obj
 0001:0000f442       __dosmaperr                10010442 f   LIBCMT:dosmap.obj
 0001:0000f465       __set_errno                10010465 f   LIBCMT:dosmap.obj
 0001:0000f486       __get_errno                10010486 f   LIBCMT:dosmap.obj
 0001:0000f4ab       __set_doserrno             100104ab f   LIBCMT:dosmap.obj
 0001:0000f4cc       __get_doserrno             100104cc f   LIBCMT:dosmap.obj
 0001:0000f4f1       __vsprintf_l               100104f1 f   LIBCMT:vsprintf.obj
 0001:0000f575       _vsprintf                  10010575 f   LIBCMT:vsprintf.obj
 0001:0000f58f       __vscprintf_helper         1001058f f   LIBCMT:vsprintf.obj
 0001:0000f5eb       __vscprintf                100105eb f   LIBCMT:vsprintf.obj
 0001:0000f607       __vscprintf_l              10010607 f   LIBCMT:vsprintf.obj
 0001:0000f624       __vscprintf_p              10010624 f   LIBCMT:vsprintf.obj
 0001:0000f640       __vscprintf_p_l            10010640 f   LIBCMT:vsprintf.obj
 0001:0000f65d       ??0bad_exception@std@@QAE@PBD@Z 1001065d f i LIBCMT:frame.obj
 0001:0000f67b       ??1bad_exception@std@@UAE@XZ 1001067b f i LIBCMT:frame.obj
 0001:0000f686       ??_Ebad_exception@std@@UAEPAXI@Z 10010686 f i LIBCMT:frame.obj
 0001:0000f686       ??_Gbad_exception@std@@UAEPAXI@Z 10010686 f i LIBCMT:frame.obj
 0001:0000f6ad       ___TypeMatch               100106ad f   LIBCMT:frame.obj
 0001:0000f70c       ___FrameUnwindFilter       1001070c f   LIBCMT:frame.obj
 0001:0000f75b       ___FrameUnwindToState      1001075b f   LIBCMT:frame.obj
 0001:0000f87c       ___DestructExceptionObject 1001087c f   LIBCMT:frame.obj
 0001:0000f8d1       ___AdjustPointer           100108d1 f   LIBCMT:frame.obj
 0001:0000f8fa       ?__uncaught_exception@@YA_NXZ 100108fa f   LIBCMT:frame.obj
 0001:0000f90b       ___CxxRegisterExceptionObject 1001090b f   LIBCMT:frame.obj
 0001:0000f9c1       ___CxxDetectRethrow        100109c1 f   LIBCMT:frame.obj
 0001:0000fa12       ___CxxUnregisterExceptionObject 10010a12 f   LIBCMT:frame.obj
 0001:0000fb50       ___CxxQueryExceptionSize   10010b50 f   LIBCMT:frame.obj
 0001:0000fb54       ___CxxCallUnwindDtor       10010b54 f   LIBCMT:frame.obj
 0001:0000fb86       ___CxxCallUnwindDelDtor    10010b86 f   LIBCMT:frame.obj
 0001:0000fbb9       ___CxxCallUnwindStdDelDtor 10010bb9 f   LIBCMT:frame.obj
 0001:0000fbeb       ___CxxCallUnwindVecDtor    10010beb f   LIBCMT:frame.obj
 0001:0000fd17       ?_is_exception_typeof@@YAHABVtype_info@@PAU_EXCEPTION_POINTERS@@@Z 10010d17 f   LIBCMT:frame.obj
 0001:0000ff39       ___BuildCatchObjectHelper  10010f39 f   LIBCMT:frame.obj
 0001:000100b8       ___BuildCatchObject        100110b8 f   LIBCMT:frame.obj
 0001:0001014a       ___CxxExceptionFilter      1001114a f   LIBCMT:frame.obj
 0001:00010782       ??0bad_exception@std@@QAE@ABV01@@Z 10011782 f i LIBCMT:frame.obj
 0001:0001079f       ___InternalCxxFrameHandler 1001179f f   LIBCMT:frame.obj
 0001:00010885       __encoded_null             10011885 f   LIBCMT:tidtable.obj
 0001:0001088e       ___crtTlsAlloc@4           1001188e f   LIBCMT:tidtable.obj
 0001:00010897       ___fls_getvalue@4          10011897 f   LIBCMT:tidtable.obj
 0001:000108b1       ___get_flsindex            100118b1 f   LIBCMT:tidtable.obj
 0001:000108b7       ___set_flsgetvalue         100118b7 f   LIBCMT:tidtable.obj
 0001:000108eb       ___fls_setvalue@8          100118eb f   LIBCMT:tidtable.obj
 0001:00010908       __mtterm                   10011908 f   LIBCMT:tidtable.obj
 0001:00010945       __initptd                  10011945 f   LIBCMT:tidtable.obj
 0001:000109f9       __getptd_noexit            100119f9 f   LIBCMT:tidtable.obj
 0001:00010a72       __getptd                   10011a72 f   LIBCMT:tidtable.obj
 0001:00010a8c       __freefls@4                10011a8c f   LIBCMT:tidtable.obj
 0001:00010bbb       __freeptd                  10011bbb f   LIBCMT:tidtable.obj
 0001:00010c29       ___threadid                10011c29 f   LIBCMT:tidtable.obj
 0001:00010c2f       ___threadhandle            10011c2f f   LIBCMT:tidtable.obj
 0001:00010c35       __mtinit                   10011c35 f   LIBCMT:tidtable.obj
 0001:00010db0       ?terminate@@YAXXZ          10011db0 f   LIBCMT:hooks.obj
 0001:00010de9       ?unexpected@@YAXXZ         10011de9 f   LIBCMT:hooks.obj
 0001:00010dfc       ?_inconsistency@@YAXXZ     10011dfc f   LIBCMT:hooks.obj
 0001:00010e34       __initp_eh_hooks           10011e34 f   LIBCMT:hooks.obj
 0001:00010e50       __CallSettingFrame@12      10011e50 f   LIBCMT:lowhelpr.obj
 0001:00010e77       __NLG_Return               10011e77     LIBCMT:lowhelpr.obj
 0001:00010ea0       __aulldvrm                 10011ea0 f   LIBCMT:ulldvrm.obj
 0001:00010f35       _wait_a_bit                10011f35 f i LIBCMT:crtheap.obj
 0001:00010f5b       __set_malloc_crt_max_wait  10011f5b f   LIBCMT:crtheap.obj
 0001:00010f70       __malloc_crt               10011f70 f   LIBCMT:crtheap.obj
 0001:00010fb5       __calloc_crt               10011fb5 f   LIBCMT:crtheap.obj
 0001:00011001       __realloc_crt              10012001 f   LIBCMT:crtheap.obj
 0001:0001104f       __recalloc_crt             1001204f f   LIBCMT:crtheap.obj
 0001:000110a1       __msize                    100120a1 f   LIBCMT:msize.obj
 0001:000110d4       ___crtCorExitProcess       100120d4 f   LIBCMT:crt0dat.obj
 0001:000110ff       ___crtExitProcess          100120ff f   LIBCMT:crt0dat.obj
 0001:00011117       __lockexit                 10012117 f   LIBCMT:crt0dat.obj
 0001:00011120       __unlockexit               10012120 f   LIBCMT:crt0dat.obj
 0001:00011129       __init_pointers            10012129 f   LIBCMT:crt0dat.obj
 0001:00011179       __initterm_e               10012179 f   LIBCMT:crt0dat.obj
 0001:0001119d       __get_wpgmptr              1001219d f   LIBCMT:crt0dat.obj
 0001:000111cd       __get_pgmptr               100121cd f   LIBCMT:crt0dat.obj
 0001:000111fd       __cinit                    100121fd f   LIBCMT:crt0dat.obj
 0001:000113d4       _exit                      100123d4 f   LIBCMT:crt0dat.obj
 0001:000113ea       __exit                     100123ea f   LIBCMT:crt0dat.obj
 0001:00011400       __cexit                    10012400 f   LIBCMT:crt0dat.obj
 0001:0001140f       __c_exit                   1001240f f   LIBCMT:crt0dat.obj
 0001:0001141e       __amsg_exit                1001241e f   LIBCMT:crt0dat.obj
 0001:00011440       __SEH_prolog4              10012440 f   LIBCMT:sehprolg4.obj
 0001:00011485       __SEH_epilog4              10012485 f   LIBCMT:sehprolg4.obj
 0001:000114b0       _strchr                    100124b0 f   LIBCMT:strchr.obj
 0001:000114b6       ___from_strstr_to_strchr   100124b6     LIBCMT:strchr.obj
 0001:0001156e       __VEC_memcpy               1001256e f   LIBCMT:p4_memcpy.obj
 0001:00011671       __heap_alloc               10012671 f i LIBCMT:malloc.obj
 0001:000116b0       _malloc                    100126b0 f   LIBCMT:malloc.obj
 0001:00011744       __initp_heap_handler       10012744 f   LIBCMT:handler.obj
 0001:00011753       ?_set_new_handler@@YAP6AHI@ZP6AHI@Z@Z 10012753 f   LIBCMT:handler.obj
 0001:0001178a       ?_set_new_handler@@YAP6AHI@ZH@Z 1001278a f   LIBCMT:handler.obj
 0001:00011793       ?_query_new_handler@@YAP6AHI@ZXZ 10012793 f   LIBCMT:handler.obj
 0001:000117a0       __callnewh                 100127a0 f   LIBCMT:handler.obj
 0001:000117c8       _free                      100127c8 f   LIBCMT:free.obj
 0001:00011a25       ___updatetmbcinfo          10012a25 f   LIBCMT:mbctype.obj
 0001:00011b45       __setmbcp_nolock           10012b45 f   LIBCMT:mbctype.obj
 0001:00011d2e       __getmbcp                  10012d2e f   LIBCMT:mbctype.obj
 0001:00011d6c       __setmbcp                  10012d6c f   LIBCMT:mbctype.obj
 0001:00011f06       ___initmbctable            10012f06 f   LIBCMT:mbctype.obj
 0001:00011f24       ___addlocaleref            10012f24 f   LIBCMT:localref.obj
 0001:00011fb3       ___removelocaleref         10012fb3 f   LIBCMT:localref.obj
 0001:0001204c       ___freetlocinfo            1001304c f   LIBCMT:localref.obj
 0001:00012197       __updatetlocinfoEx_nolock  10013197 f   LIBCMT:localref.obj
 0001:000121e4       ___updatetlocinfo          100131e4 f   LIBCMT:localref.obj
 0001:0001225d       _strcpy_s                  1001325d f   LIBCMT:strcpy_s.obj
 0001:000124c1       ___crtLCMapStringA         100134c1 f   LIBCMT:a_map.obj
 0001:00012507       _strnlen                   10013507 f   LIBCMT:strlen_s.obj
 0001:00012530       __alloca_probe_16          10013530 f   LIBCMT:alloca16.obj
 0001:00012546       __alloca_probe_8           10013546     LIBCMT:alloca16.obj
 0001:0001255c       ____setlc_active_func      1001355c f   LIBCMT:setlocal.obj
 0001:00012562       ____unguarded_readlc_active_add_func 10013562 f   LIBCMT:setlocal.obj
 0001:0001258e       __configthreadlocale       1001358e f   LIBCMT:setlocal.obj
 0001:00012615       __free_locale              10013615 f   LIBCMT:setlocal.obj
 0001:000126d7       ___free_locale             100136d7 f   LIBCMT:setlocal.obj
 0001:000126e2       __get_current_locale       100136e2 f   LIBCMT:setlocal.obj
 0001:00012791       ___get_current_locale      10013791 f   LIBCMT:setlocal.obj
 0001:00012796       ___init_dummy              10013796 f   LIBCMT:setlocal.obj
 0001:00012799       __strcats                  10013799 f   LIBCMT:setlocal.obj
 0001:000127da       ___lc_strtolc              100137da f   LIBCMT:setlocal.obj
 0001:000128f9       ___lc_lctostr              100138f9 f   LIBCMT:setlocal.obj
 0001:00012ac9       __expandlocale             10013ac9 f   LIBCMT:setlocal.obj
 0001:00013240       __create_locale            10014240 f   LIBCMT:setlocal.obj
 0001:00013335       ___create_locale           10014335 f   LIBCMT:setlocal.obj
 0001:00013340       _setlocale                 10014340 f   LIBCMT:setlocal.obj
 0001:000134b4       ?_Type_info_dtor@type_info@@CAXPAV1@@Z 100144b4 f   LIBCMT:typname.obj
 0001:00013524       ?_Name_base@type_info@@CAPBDPBV1@PAU__type_info_node@@@Z 10014524 f   LIBCMT:typname.obj
 0001:00013616       ?_Type_info_dtor_internal@type_info@@CAXPAV1@@Z 10014616 f   LIBCMT:typname.obj
 0001:00013686       ___unDNameHelper           10014686 f   LIBCMT:typname.obj
 0001:000136b9       ?_Name_base_internal@type_info@@CAPBDPBV1@PAU__type_info_node@@@Z 100146b9 f   LIBCMT:typname.obj
 0001:000137c5       ___clean_type_info_names_internal 100147c5 f   LIBCMT:typname.obj
 0001:00013818       __get_daylight             10014818 f   LIBCMT:timeset.obj
 0001:00013845       __get_dstbias              10014845 f   LIBCMT:timeset.obj
 0001:00013872       __get_timezone             10014872 f   LIBCMT:timeset.obj
 0001:0001389f       __get_tzname               1001489f f   LIBCMT:timeset.obj
 0001:00013931       ___daylight                10014931 f   LIBCMT:timeset.obj
 0001:00013937       ___dstbias                 10014937 f   LIBCMT:timeset.obj
 0001:0001393d       ___timezone                1001493d f   LIBCMT:timeset.obj
 0001:00013943       ___tzname                  10014943 f   LIBCMT:timeset.obj
 0001:00013949       __set_daylight             10014949 f i LIBCMT:tzset.obj
 0001:0001395a       __set_dstbias              1001495a f i LIBCMT:tzset.obj
 0001:0001396b       __set_timezone             1001496b f i LIBCMT:tzset.obj
 0001:0001405d       ___tzset                   1001505d f   LIBCMT:tzset.obj
 0001:000140ac       __tzset                    100150ac f   LIBCMT:tzset.obj
 0001:000140e4       __isindst                  100150e4 f   LIBCMT:tzset.obj
 0001:00014125       ___ascii_stricmp           10015125 f   LIBCMT:stricmp.obj
 0001:0001415e       __stricmp_l                1001515e f   LIBCMT:stricmp.obj
 0001:0001421e       __stricmp                  1001521e f   LIBCMT:stricmp.obj
 0001:0001421e       _stricmp                   1001521e f   LIBCMT:stricmp.obj
 0001:00014265       __isleadbyte_l             10015265 f i LIBCMT:_wctype.obj
 0001:0001429d       _isleadbyte                1001529d f i LIBCMT:_wctype.obj
 0001:000142b0       __iswalpha_l               100152b0 f i LIBCMT:_wctype.obj
 0001:000142c6       _iswalpha                  100152c6 f i LIBCMT:_wctype.obj
 0001:000142dc       __iswupper_l               100152dc f i LIBCMT:_wctype.obj
 0001:000142ef       _iswupper                  100152ef f i LIBCMT:_wctype.obj
 0001:00014302       __iswlower_l               10015302 f i LIBCMT:_wctype.obj
 0001:00014315       _iswlower                  10015315 f i LIBCMT:_wctype.obj
 0001:00014328       __iswdigit_l               10015328 f i LIBCMT:_wctype.obj
 0001:0001433b       _iswdigit                  1001533b f i LIBCMT:_wctype.obj
 0001:0001434e       __iswxdigit_l              1001534e f i LIBCMT:_wctype.obj
 0001:00014364       _iswxdigit                 10015364 f i LIBCMT:_wctype.obj
 0001:0001437a       __iswspace_l               1001537a f i LIBCMT:_wctype.obj
 0001:0001438d       _iswspace                  1001538d f i LIBCMT:_wctype.obj
 0001:000143a0       __iswpunct_l               100153a0 f i LIBCMT:_wctype.obj
 0001:000143b3       _iswpunct                  100153b3 f i LIBCMT:_wctype.obj
 0001:000143c6       __iswalnum_l               100153c6 f i LIBCMT:_wctype.obj
 0001:000143dc       _iswalnum                  100153dc f i LIBCMT:_wctype.obj
 0001:000143f2       __iswprint_l               100153f2 f i LIBCMT:_wctype.obj
 0001:00014408       _iswprint                  10015408 f i LIBCMT:_wctype.obj
 0001:0001441e       __iswgraph_l               1001541e f i LIBCMT:_wctype.obj
 0001:00014434       _iswgraph                  10015434 f i LIBCMT:_wctype.obj
 0001:0001444a       __iswcntrl_l               1001544a f i LIBCMT:_wctype.obj
 0001:0001445d       _iswcntrl                  1001545d f i LIBCMT:_wctype.obj
 0001:00014470       _iswascii                  10015470 f i LIBCMT:_wctype.obj
 0001:00014484       __iswcsym_l                10015484 f i LIBCMT:_wctype.obj
 0001:000144aa       ___iswcsym                 100154aa f i LIBCMT:_wctype.obj
 0001:000144d0       __iswcsymf_l               100154d0 f i LIBCMT:_wctype.obj
 0001:000144f6       ___iswcsymf                100154f6 f i LIBCMT:_wctype.obj
 0001:0001451c       __gmtime64_s               1001551c f   LIBCMT:gmtime64.obj
 0001:00014755       __gmtime64                 10015755 f   LIBCMT:gmtime64.obj
 0001:00014780       __alldiv                   10015780 f   LIBCMT:lldiv.obj
 0001:00014830       __allrem                   10015830 f   LIBCMT:llrem.obj
 0001:000148e2       __gmtime32_s               100158e2 f   LIBCMT:gmtime.obj
 0001:00014a22       ___getgmtimebuf            10015a22 f   LIBCMT:gmtime.obj
 0001:00014a59       __gmtime32                 10015a59 f   LIBCMT:gmtime.obj
 0001:00014a80       __aulldiv                  10015a80 f   LIBCMT:ulldiv.obj
 0001:00014ba3       __output_s_l               10015ba3 f   LIBCMT:outputs.obj
 0001:000157d7       __validate_param_reuseA    100167d7 f   LIBCMT:outputp.obj
 0001:000159bd       _get_crtdouble_arg         100169bd f i LIBCMT:outputp.obj
 0001:000159d2       __output_p_l               100169d2 f   LIBCMT:outputp.obj
 0001:00016cf6       __isctype_l                10017cf6 f   LIBCMT:isctype.obj
 0001:00016dae       __isctype                  10017dae f   LIBCMT:isctype.obj
 0001:00016e37       __INTRN_LOCALE_CONV        10017e37 f i LIBCMT:input.obj
 0001:00016ebc       __input_l                  10017ebc f   LIBCMT:input.obj
 0001:00017f8a       __input_s_l                10018f8a f   LIBCMT:inputs.obj
 0001:000190ad       ?strrchr@@YAPADPADH@Z      1001a0ad f i LIBCMT:cvt.obj
 0001:000190b8       __forcdecpt_l              1001a0b8 f   LIBCMT:cvt.obj
 0001:0001912c       __cropzeros_l              1001a12c f   LIBCMT:cvt.obj
 0001:000191ae       __positive                 1001a1ae f   LIBCMT:cvt.obj
 0001:000191ca       __fassign_l                1001a1ca f   LIBCMT:cvt.obj
 0001:0001920c       __fassign                  1001a20c f   LIBCMT:cvt.obj
 0001:00019245       __forcdecpt                1001a245 f   LIBCMT:cvt.obj
 0001:00019258       __cropzeros                1001a258 f   LIBCMT:cvt.obj
 0001:000193cc       __cftoe_l                  1001a3cc f   LIBCMT:cvt.obj
 0001:00019493       __cftoe                    1001a493 f   LIBCMT:cvt.obj
 0001:000194b3       __cftoa_l                  1001a4b3 f   LIBCMT:cvt.obj
 0001:00019829       __cftoa                    1001a829 f   LIBCMT:cvt.obj
 0001:0001994c       __cftof_l                  1001a94c f   LIBCMT:cvt.obj
 0001:00019a0d       __cftof                    1001aa0d f   LIBCMT:cvt.obj
 0001:00019a2a       __cftog_l                  1001aa2a f   LIBCMT:cvt.obj
 0001:00019b17       __cftog                    1001ab17 f   LIBCMT:cvt.obj
 0001:00019b37       __cfltcvt_l                1001ab37 f   LIBCMT:cvt.obj
 0001:00019bbf       __cfltcvt                  1001abbf f   LIBCMT:cvt.obj
 0001:00019be2       __initp_misc_cfltcvt_tab   1001abe2 f   LIBCMT:cmiscdat.obj
 0001:00019c05       __setdefaultprecision      1001ac05 f   LIBCMT:fp8.obj
 0001:00019c2d       __ioinit                   1001ac2d f   LIBCMT:ioinit.obj
 0001:00019e72       __ioterm                   1001ae72 f   LIBCMT:ioinit.obj
 0001:00019ec5       __setenvp                  1001aec5 f   LIBCMT:stdenvp.obj
 0001:00019fa1       __set_pgmptr               1001afa1 f i LIBCMT:stdargv.obj
 0001:0001a14a       __setargv                  1001b14a f   LIBCMT:stdargv.obj
 0001:0001a205       ___crtGetEnvironmentStringsA 1001b205 f   LIBCMT:a_env.obj
 0001:0001a29c       __RTC_Initialize           1001b29c f   LIBCMT:_initsect_.obj
 0001:0001a2c2       __RTC_Terminate            1001b2c2 f   LIBCMT:_initsect_.obj
 0001:0001a2e8       __heap_init                1001b2e8 f   LIBCMT:heapinit.obj
 0001:0001a306       __heap_term                1001b306 f   LIBCMT:heapinit.obj
 0001:0001a31a       __get_heap_handle          1001b31a f   LIBCMT:heapinit.obj
 0001:0001a346       __XcptFilter               1001b346 f   LIBCMT:winxfltr.obj
 0001:0001a490       ___CppXcptFilter           1001b490 f   LIBCMT:winxfltr.obj
 0001:0001a4b0       _DllMain@12                1001b4b0 f   LIBCMT:dllmain.obj
 0001:0001a4b6       ___security_init_cookie    1001b4b6 f   LIBCMT:gs_support.obj
 0001:0001a560       __local_unwind4            1001b560 f   LIBCMT:exsup4.obj
 0001:0001a636       __seh_longjmp_unwind4@4    1001b636 f   LIBCMT:exsup4.obj
 0001:0001a652       @_EH4_CallFilterFunc@8     1001b652 f   LIBCMT:exsup4.obj
 0001:0001a669       @_EH4_TransferToHandler@8  1001b669 f   LIBCMT:exsup4.obj
 0001:0001a682       @_EH4_GlobalUnwind2@8      1001b682 f   LIBCMT:exsup4.obj
 0001:0001a69b       @_EH4_LocalUnwind@16       1001b69b f   LIBCMT:exsup4.obj
 0001:0001a6c0       __ValidateImageBase        1001b6c0 f   LIBCMT:pesect.obj
 0001:0001a700       __FindPESection            1001b700 f   LIBCMT:pesect.obj
 0001:0001a750       __IsNonwritableInCurrentImage 1001b750 f   LIBCMT:pesect.obj
 0001:0001a80c       ___report_gsfailure        1001b80c f   LIBCMT:gs_report.obj
 0001:0001a912       __lseeki64_nolock          1001b912 f   LIBCMT:lseeki64.obj
 0001:0001a997       __lseeki64                 1001b997 f   LIBCMT:lseeki64.obj
 0001:0001aa81       __write_nolock             1001ba81 f   LIBCMT:write.obj
 0001:0001b17e       __write                    1001c17e f   LIBCMT:write.obj
 0001:0001b252       __getbuf                   1001c252 f   LIBCMT:_getbuf.obj
 0001:0001b29b       __isatty                   1001c29b f   LIBCMT:isatty.obj
 0001:0001b2f1       ___iob_func                1001c2f1 f   LIBCMT:_file.obj
 0001:0001b2f7       ___initstdio               1001c2f7 f   LIBCMT:_file.obj
 0001:0001b3a8       ___endstdio                1001c3a8 f   LIBCMT:_file.obj
 0001:0001b3c8       __lock_file                1001c3c8 f   LIBCMT:_file.obj
 0001:0001b409       __lock_file2               1001c409 f   LIBCMT:_file.obj
 0001:0001b43b       __unlock_file              1001c43b f   LIBCMT:_file.obj
 0001:0001b477       __unlock_file2             1001c477 f   LIBCMT:_file.obj
 0001:0001b4a6       __fileno                   1001c4a6 f   LIBCMT:fileno.obj
 0001:0001b4cc       _printf                    1001c4cc f   LIBCMT:printf.obj
 0001:0001b573       __printf_l                 1001c573 f   LIBCMT:printf.obj
 0001:0001b58c       __printf_s_l               1001c58c f   LIBCMT:printf.obj
 0001:0001b5a5       _printf_s                  1001c5a5 f   LIBCMT:printf.obj
 0001:0001b5bd       __printf_p_l               1001c5bd f   LIBCMT:printf.obj
 0001:0001b5d6       __printf_p                 1001c5d6 f   LIBCMT:printf.obj
 0001:0001b5ee       __set_printf_count_output  1001c5ee f   LIBCMT:printf.obj
 0001:0001b618       __get_printf_count_output  1001c618 f   LIBCMT:printf.obj
 0001:0001b62e       __wctomb_s_l               1001c62e f   LIBCMT:wctomb.obj
 0001:0001b783       _wctomb_s                  1001c783 f   LIBCMT:wctomb.obj
 0001:0001b7a0       __wctomb_l                 1001c7a0 f   LIBCMT:wctomb.obj
 0001:0001b7f1       _wctomb                    1001c7f1 f   LIBCMT:wctomb.obj
 0001:0001b823       __crt_debugger_hook        1001c823 f   LIBCMT:dbghook.obj
 0001:0001b82b       __EH_prolog3               1001c82b f   LIBCMT:ehprolg3.obj
 0001:0001b85e       __EH_prolog3_catch         1001c85e f   LIBCMT:ehprolg3.obj
 0001:0001b894       __EH_prolog3_GS            1001c894 f   LIBCMT:ehprolg3.obj
 0001:0001b8ca       __EH_prolog3_catch_GS      1001c8ca f   LIBCMT:ehprolg3.obj
 0001:0001b903       __EH_epilog3               1001c903 f   LIBCMT:ehprolg3.obj
 0001:0001b917       __EH_epilog3_GS            1001c917 f   LIBCMT:ehprolg3.obj
 0001:0001b926       __EH_epilog3_catch_GS      1001c926 f   LIBCMT:ehprolg3.obj
 0001:0001b935       ?_ValidateRead@@YAHPBXI@Z  1001c935 f   LIBCMT:validate.obj
 0001:0001b947       ?_ValidateWrite@@YAHPAXI@Z 1001c947 f   LIBCMT:validate.obj
 0001:0001b959       ?_ValidateExecute@@YAHP6GHXZ@Z 1001c959 f   LIBCMT:validate.obj
 0001:0001b96b       __mtinitlocks              1001c96b f   LIBCMT:mlock.obj
 0001:0001b9b5       __mtdeletelocks            1001c9b5 f   LIBCMT:mlock.obj
 0001:0001ba0c       __unlock                   1001ca0c f   LIBCMT:mlock.obj
 0001:0001ba23       __lockerr_exit             1001ca23 f   LIBCMT:mlock.obj
 0001:0001ba3b       __mtinitlocknum            1001ca3b f   LIBCMT:mlock.obj
 0001:0001bafd       __lock                     1001cafd f   LIBCMT:mlock.obj
 0001:0001bb30       _abort                     1001cb30 f   LIBCMT:abort.obj
 0001:0001bb63       __set_abort_behavior       1001cb63 f   LIBCMT:abort.obj
 0001:0001bb90       __global_unwind2           1001cb90 f   LIBCMT:exsup.obj
 0001:0001bbf5       __local_unwind2            1001cbf5 f   LIBCMT:exsup.obj
 0001:0001bc79       __abnormal_termination     1001cc79 f   LIBCMT:exsup.obj
 0001:0001bc9c       __NLG_Notify1              1001cc9c f   LIBCMT:exsup.obj
 0001:0001bca5       __NLG_Notify               1001cca5 f   LIBCMT:exsup.obj
 0001:0001bcbc       __NLG_Dispatch2            1001ccbc     LIBCMT:exsup.obj
 0001:0001bcbc       __NLG_Dispatch             1001ccbc     LIBCMT:exsup.obj
 0001:0001bcc4       __NLG_Call                 1001ccc4 f   LIBCMT:exsup.obj
 0001:0001bcc6       __NLG_Return2              1001ccc6     LIBCMT:exsup.obj
 0001:0001bcc7       __calloc_impl              1001ccc7 f   LIBCMT:calloc_impl.obj
 0001:0001bd49       _realloc                   1001cd49 f   LIBCMT:realloc.obj
 0001:0001bdf6       __recalloc                 1001cdf6 f   LIBCMT:recalloc.obj
 0001:0001be64       __initp_misc_winsig        1001ce64 f   LIBCMT:winsig.obj
 0001:0001bf55       ___get_sigabrt             1001cf55 f   LIBCMT:winsig.obj
 0001:0001bf62       ___fpecode                 1001cf62 f   LIBCMT:winsig.obj
 0001:0001bf6b       ___pxcptinfoptrs           1001cf6b f   LIBCMT:winsig.obj
 0001:0001bf74       _signal                    1001cf74 f   LIBCMT:winsig.obj
 0001:0001c1b4       _raise                     1001d1b4 f   LIBCMT:winsig.obj
 0001:0001c357       __initp_misc_rand_s        1001d357 f   LIBCMT:rand_s.obj
 0001:0001c366       _rand_s                    1001d366 f   LIBCMT:rand_s.obj
 0001:0001c456       ___getlocaleinfo           1001d456 f   LIBCMT:inithelp.obj
 0001:0001c602       __initp_misc_purevirt      1001d602 f   LIBCMT:inithelp.obj
 0001:0001c611       __GET_RTERRMSG             1001d611 f   LIBCMT:crt0msg.obj
 0001:0001c637       __NMSG_WRITE               1001d637 f   LIBCMT:crt0msg.obj
 0001:0001c7e6       __FF_MSGBANNER             1001d7e6 f   LIBCMT:crt0msg.obj
 0001:0001c906       ___crtGetStringTypeA       1001d906 f   LIBCMT:a_str.obj
 0001:0001d145       ___free_lc_time            1001e145 f   LIBCMT:inittime.obj
 0001:0001d4bc       ___init_time               1001e4bc f   LIBCMT:inittime.obj
 0001:0001d569       ___free_lconv_num          1001e569 f   LIBCMT:initnum.obj
 0001:0001d5d2       ___init_numeric            1001e5d2 f   LIBCMT:initnum.obj
 0001:0001d7f2       ___free_lconv_mon          1001e7f2 f   LIBCMT:initmon.obj
 0001:0001d8f0       ___init_monetary           1001e8f0 f   LIBCMT:initmon.obj
 0001:0001dc50       _localeconv                1001ec50 f   LIBCMT:lconv.obj
 0001:0001dc76       ___pwctype_func            1001ec76 f   LIBCMT:ctype.obj
 0001:0001dc7c       ___pctype_func             1001ec7c f   LIBCMT:ctype.obj
 0001:0001dca5       ___init_ctype              1001eca5 f   LIBCMT:initctyp.obj
 0001:0001e04c       ____mb_cur_max_func        1001f04c f   LIBCMT:initctyp.obj
 0001:0001e075       ____mb_cur_max_l_func      1001f075 f   LIBCMT:initctyp.obj
 0001:0001e091       ____lc_codepage_func       1001f091 f   LIBCMT:initctyp.obj
 0001:0001e0b7       ____lc_collate_cp_func     1001f0b7 f   LIBCMT:initctyp.obj
 0001:0001e0dd       ____lc_handle_func         1001f0dd f   LIBCMT:initctyp.obj
 0001:0001e103       ___init_collate            1001f103 f   LIBCMT:initcoll.obj
 0001:0001e106       _strcat_s                  1001f106 f   LIBCMT:strcat_s.obj
 0001:0001e180       _strcspn                   1001f180 f   LIBCMT:strcspn.obj
 0001:0001e1c6       _strncpy_s                 1001f1c6 f   LIBCMT:strncpy_s.obj
 0001:0001e848       ___get_qualified_locale    1001f848 f   LIBCMT:getqloc.obj
 0001:0001ff53       _memcmp                    10020f53 f   LIBCMT:memcmp.obj
 0001:000214b0       _strpbrk                   100224b0 f   LIBCMT:strpbrk.obj
 0001:000214f0       ??0Block@_HeapManager@@QAE@XZ 100224f0 f i LIBCMT:undname.obj
 0001:000214f6       ?Constructor@_HeapManager@@QAEXP6APAXI@ZP6AXPAX@Z@Z 100224f6 f i LIBCMT:undname.obj
 0001:00021515       ?Destructor@_HeapManager@@QAEXXZ 10022515 f i LIBCMT:undname.obj
 0001:0002153d       ?getNumberOfDimensions@UnDecorator@@CAHXZ 1002253d f   LIBCMT:undname.obj
 0001:0002159f       ?getTypeEncoding@UnDecorator@@CAHXZ 1002259f f i LIBCMT:undname.obj
 0001:00021a83       ?doUnderScore@UnDecorator@@SAHXZ 10022a83 f i LIBCMT:undname.obj
 0001:00021a8e       ?doMSKeywords@UnDecorator@@SAHXZ 10022a8e f i LIBCMT:undname.obj
 0001:00021a9b       ?doPtr64@UnDecorator@@SAHXZ 10022a9b f i LIBCMT:undname.obj
 0001:00021aa9       ?doFunctionReturns@UnDecorator@@SAHXZ 10022aa9 f i LIBCMT:undname.obj
 0001:00021ab7       ?doAllocationModel@UnDecorator@@SAHXZ 10022ab7 f i LIBCMT:undname.obj
 0001:00021ac5       ?doAllocationLanguage@UnDecorator@@SAHXZ 10022ac5 f i LIBCMT:undname.obj
 0001:00021ad3       ?doThisTypes@UnDecorator@@SAHXZ 10022ad3 f i LIBCMT:undname.obj
 0001:00021ae5       ?doAccessSpecifiers@UnDecorator@@SAHXZ 10022ae5 f i LIBCMT:undname.obj
 0001:00021af3       ?doThrowTypes@UnDecorator@@SAHXZ 10022af3 f i LIBCMT:undname.obj
 0001:00021b01       ?doMemberTypes@UnDecorator@@SAHXZ 10022b01 f i LIBCMT:undname.obj
 0001:00021b0f       ?doNameOnly@UnDecorator@@SAHXZ 10022b0f f i LIBCMT:undname.obj
 0001:00021b1a       ?doTypeOnly@UnDecorator@@SAHXZ 10022b1a f i LIBCMT:undname.obj
 0001:00021b25       ?haveTemplateParameters@UnDecorator@@SAHXZ 10022b25 f i LIBCMT:undname.obj
 0001:00021b30       ?doEcsu@UnDecorator@@SAHXZ 10022b30 f i LIBCMT:undname.obj
 0001:00021b3e       ?doNoIdentCharCheck@UnDecorator@@SAHXZ 10022b3e f i LIBCMT:undname.obj
 0001:00021b49       ?doEllipsis@UnDecorator@@SAHXZ 10022b49 f i LIBCMT:undname.obj
 0001:00021b57       ?UScore@UnDecorator@@SAPBDW4Tokens@@@Z 10022b57 f   LIBCMT:undname.obj
 0001:00021b76       ?getMemory@_HeapManager@@QAEPAXIH@Z 10022b76 f   LIBCMT:undname.obj
 0001:00021bfe       ??0DName@@QAE@XZ           10022bfe f i LIBCMT:undname.obj
 0001:00021c0f       ??0DName@@QAE@ABV0@@Z      10022c0f f i LIBCMT:undname.obj
 0001:00021c27       ?isValid@DName@@QBEHXZ     10022c27 f i LIBCMT:undname.obj
 0001:00021c31       ?isEmpty@DName@@QBEHXZ     10022c31 f i LIBCMT:undname.obj
 0001:00021c39       ?status@DName@@QBE?AW4DNameStatus@@XZ 10022c39 f i LIBCMT:undname.obj
 0001:00021c3e       ?setPtrRef@DName@@QAEAAV1@XZ 10022c3e f i LIBCMT:undname.obj
 0001:00021c48       ?isPtrRef@DName@@QBEHXZ    10022c48 f i LIBCMT:undname.obj
 0001:00021c52       ?isUDC@DName@@QBEHXZ       10022c52 f i LIBCMT:undname.obj
 0001:00021c63       ?setIsUDC@DName@@QAEXXZ    10022c63 f i LIBCMT:undname.obj
 0001:00021c70       ?isUDTThunk@DName@@QBEHXZ  10022c70 f i LIBCMT:undname.obj
 0001:00021c81       ?setIsArray@DName@@QAEXXZ  10022c81 f i LIBCMT:undname.obj
 0001:00021c89       ?isArray@DName@@QBEHXZ     10022c89 f i LIBCMT:undname.obj
 0001:00021c93       ?isNoTE@DName@@QBEHXZ      10022c93 f i LIBCMT:undname.obj
 0001:00021c9d       ?setIsNoTE@DName@@QAEXXZ   10022c9d f i LIBCMT:undname.obj
 0001:00021ca5       ?isPinPtr@DName@@QBEHXZ    10022ca5 f i LIBCMT:undname.obj
 0001:00021caf       ?setIsPinPtr@DName@@QAEXXZ 10022caf f i LIBCMT:undname.obj
 0001:00021cb7       ?isComArray@DName@@QBEHXZ  10022cb7 f i LIBCMT:undname.obj
 0001:00021cc1       ?setIsComArray@DName@@QAEXXZ 10022cc1 f i LIBCMT:undname.obj
 0001:00021cc9       ?isVCallThunk@DName@@QBEHXZ 10022cc9 f i LIBCMT:undname.obj
 0001:00021cd3       ?setIsVCallThunk@DName@@QAEXXZ 10022cd3 f i LIBCMT:undname.obj
 0001:00021cdb       ?length@DName@@QBEHXZ      10022cdb f i LIBCMT:undname.obj
 0001:00021ce8       ?getLastChar@DName@@QBEDXZ 10022ce8 f i LIBCMT:undname.obj
 0001:00021cf6       ?getString@DName@@QBEPADPAD0@Z 10022cf6 f i LIBCMT:undname.obj
 0001:00021d0e       ??_5DName@@QAEAAV0@ABV0@@Z 10022d0e f   LIBCMT:undname.obj
 0001:00021d2d       ??4DName@@QAEAAV0@ABV0@@Z  10022d2d f   LIBCMT:undname.obj
 0001:00021d45       ?isFull@Replicator@@QBEHXZ 10022d45 f i LIBCMT:undname.obj
 0001:00021d4e       ??0Replicator@@QAE@XZ      10022d4e f i LIBCMT:undname.obj
 0001:00021d54       ??0DNameNode@@IAE@XZ       10022d54 f   LIBCMT:undname.obj
 0001:00021d5d       ??0charNode@@QAE@D@Z       10022d5d f   LIBCMT:undname.obj
 0001:00021d74       ?length@charNode@@UBEHXZ   10022d74 f i LIBCMT:undname.obj
 0001:00021d78       ?getLastChar@charNode@@UBEDXZ 10022d78 f i LIBCMT:undname.obj
 0001:00021d7c       ?getString@charNode@@UBEPADPAD0@Z 10022d7c f i LIBCMT:undname.obj
 0001:00021d93       ??0pDNameNode@@QAE@PAVDName@@@Z 10022d93 f   LIBCMT:undname.obj
 0001:00021dbd       ?length@pDNameNode@@UBEHXZ 10022dbd f i LIBCMT:undname.obj
 0001:00021dd3       ?getLastChar@pDNameNode@@UBEDXZ 10022dd3 f i LIBCMT:undname.obj
 0001:00021dea       ?getString@pDNameNode@@UBEPADPAD0@Z 10022dea f i LIBCMT:undname.obj
 0001:00021e0b       ??0DNameStatusNode@@AAE@W4DNameStatus@@@Z 10022e0b f   LIBCMT:undname.obj
 0001:00021e30       ?length@DNameStatusNode@@UBEHXZ 10022e30 f i LIBCMT:undname.obj
 0001:00021e34       ?getLastChar@DNameStatusNode@@UBEDXZ 10022e34 f i LIBCMT:undname.obj
 0001:00021e40       ?make@DNameStatusNode@@SAPAV1@W4DNameStatus@@@Z 10022e40 f i LIBCMT:undname.obj
 0001:00021ec6       ??0pairNode@@QAE@PAVDNameNode@@0@Z 10022ec6 f   LIBCMT:undname.obj
 0001:00021ee7       ?length@pairNode@@UBEHXZ   10022ee7 f i LIBCMT:undname.obj
 0001:00021f12       ?getLastChar@pairNode@@UBEDXZ 10022f12 f i LIBCMT:undname.obj
 0001:00021f2e       ?getString@pairNode@@UBEPADPAD0@Z 10022f2e f i LIBCMT:undname.obj
 0001:00021fa8       ??0UnDecorator@@QAE@PADPBDHP6APADJ@ZK@Z 10022fa8 f i LIBCMT:undname.obj
 0001:00022017       ?getDataIndirectType@UnDecorator@@CA?AVDName@@XZ 10023017 f i LIBCMT:undname.obj
 0001:00022050       ?getThisType@UnDecorator@@CA?AVDName@@XZ 10023050 f i LIBCMT:undname.obj
 0001:0002208a       ??2@YAPAXIAAV_HeapManager@@H@Z 1002308a f i LIBCMT:undname.obj
 0001:000220a1       ?getStringHelper@@YAPADPAD00H@Z 100230a1 f i LIBCMT:undname.obj
 0001:000220d8       ??0DName@@QAE@PAV0@@Z      100230d8 f   LIBCMT:undname.obj
 0001:0002212b       ??0DName@@QAE@W4DNameStatus@@@Z 1002312b f   LIBCMT:undname.obj
 0001:00022170       ?getString@DName@@QBEPADPADH@Z 10023170 f i LIBCMT:undname.obj
 0001:000221cf       ?append@DName@@AAEXPAVDNameNode@@@Z 100231cf f   LIBCMT:undname.obj
 0001:00022217       ??4DName@@QAEAAV0@PAV0@@Z  10023217 f   LIBCMT:undname.obj
 0001:00022264       ??4DName@@QAEAAV0@W4DNameStatus@@@Z 10023264 f   LIBCMT:undname.obj
 0001:0002229b       ??YReplicator@@QAEAAV0@ABVDName@@@Z 1002329b f   LIBCMT:undname.obj
 0001:000222e5       ??AReplicator@@QBE?AVDName@@H@Z 100232e5 f   LIBCMT:undname.obj
 0001:00022334       ??0pcharNode@@QAE@PBDH@Z   10023334 f   LIBCMT:undname.obj
 0001:0002238b       ?length@pcharNode@@UBEHXZ  1002338b f i LIBCMT:undname.obj
 0001:0002238f       ?getLastChar@pcharNode@@UBEDXZ 1002338f f i LIBCMT:undname.obj
 0001:000223a1       ?getString@pcharNode@@UBEPADPAD0@Z 100233a1 f i LIBCMT:undname.obj
 0001:000223be       ?getString@DNameStatusNode@@UBEPADPAD0@Z 100233be f i LIBCMT:undname.obj
 0001:000223e7       ?getReturnType@UnDecorator@@CA?AVDName@@PAV2@@Z 100233e7 f   LIBCMT:undname.obj
 0001:00022418       ?getStorageConvention@UnDecorator@@CA?AVDName@@XZ 10023418 f i LIBCMT:undname.obj
 0001:0002242b       ??YDName@@QAEAAV0@W4DNameStatus@@@Z 1002342b f   LIBCMT:undname.obj
 0001:0002246d       ?doPchar@DName@@AAEXPBDH@Z 1002346d f   LIBCMT:undname.obj
 0001:000224f0       ??0DName@@QAE@D@Z          100234f0 f   LIBCMT:undname.obj
 0001:0002251d       ??0DName@@QAE@PBD@Z        1002351d f   LIBCMT:undname.obj
 0001:0002255a       ??0DName@@QAE@AAPBDD@Z     1002355a f   LIBCMT:undname.obj
 0001:00022619       ??0DName@@QAE@_K@Z         10023619 f   LIBCMT:undname.obj
 0001:00022687       ??0DName@@QAE@_J@Z         10023687 f   LIBCMT:undname.obj
 0001:00022722       ??HDName@@QBE?AV0@W4DNameStatus@@@Z 10023722 f   LIBCMT:undname.obj
 0001:00022746       ??YDName@@QAEAAV0@ABV0@@Z  10023746 f   LIBCMT:undname.obj
 0001:00022789       ??YDName@@QAEAAV0@PAV0@@Z  10023789 f   LIBCMT:undname.obj
 0001:000227f0       ??4DName@@QAEAAV0@D@Z      100237f0 f i LIBCMT:undname.obj
 0001:0002281d       ??4DName@@QAEAAV0@PBD@Z    1002381d f   LIBCMT:undname.obj
 0001:00022852       ?getCallingConvention@UnDecorator@@CA?AVDName@@XZ 10023852 f   LIBCMT:undname.obj
 0001:0002291a       ?getVCallThunkType@UnDecorator@@CA?AVDName@@XZ 1002391a f i LIBCMT:undname.obj
 0001:00022965       ??HDName@@QBE?AV0@ABV0@@Z  10023965 f   LIBCMT:undname.obj
 0001:00022989       ??HDName@@QBE?AV0@PAV0@@Z  10023989 f   LIBCMT:undname.obj
 0001:000229ad       ??YDName@@QAEAAV0@D@Z      100239ad f   LIBCMT:undname.obj
 0001:000229ff       ??YDName@@QAEAAV0@PBD@Z    100239ff f   LIBCMT:undname.obj
 0001:00022a63       ?getArgumentList@UnDecorator@@CA?AVDName@@XZ 10023a63 f   LIBCMT:undname.obj
 0001:00022b69       ?getVdispMapType@UnDecorator@@CA?AVDName@@ABV2@@Z 10023b69 f i LIBCMT:undname.obj
 0001:00022bbd       ??H@YA?AVDName@@DABV0@@Z   10023bbd f i LIBCMT:undname.obj
 0001:00022be1       ??H@YA?AVDName@@W4DNameStatus@@ABV0@@Z 10023be1 f i LIBCMT:undname.obj
 0001:00022c05       ??H@YA?AVDName@@PBDABV0@@Z 10023c05 f i LIBCMT:undname.obj
 0001:00022c29       ??HDName@@QBE?AV0@D@Z      10023c29 f   LIBCMT:undname.obj
 0001:00022c4d       ??HDName@@QBE?AV0@PBD@Z    10023c4d f   LIBCMT:undname.obj
 0001:00022c71       ?getDimension@UnDecorator@@CA?AVDName@@_N@Z 10023c71 f   LIBCMT:undname.obj
[...]
 0003:0000c8c0       ___lconv_static_W_null     100458c0     LIBCMT:lconv.obj
 0003:0000c8d8       ?pArgList@UnDecorator@@0PAVReplicator@@A 100458d8     LIBCMT:undname.obj
 0003:0000c8dc       ?pZNameList@UnDecorator@@0PAVReplicator@@A 100458dc     LIBCMT:undname.obj
 0003:0000c8e0       ?pTemplateArgList@UnDecorator@@0PAVReplicator@@A 100458e0     LIBCMT:undname.obj
 0003:0000c8e4       ?gName@UnDecorator@@0PBDB  100458e4     LIBCMT:undname.obj
 0003:0000c8e8       ?name@UnDecorator@@0PBDB   100458e8     LIBCMT:undname.obj
 0003:0000c8ec       ?outputString@UnDecorator@@0PADA 100458ec     LIBCMT:undname.obj
 0003:0000c8f0       ?maxStringLength@UnDecorator@@0HA 100458f0     LIBCMT:undname.obj
 0003:0000c8f4       ?disableFlags@UnDecorator@@0KA 100458f4     LIBCMT:undname.obj
 0003:0000c8f8       ?m_pGetParameter@UnDecorator@@0P6APADJ@ZA 100458f8     LIBCMT:undname.obj
 0003:0000c8fc       ?fExplicitTemplateParams@UnDecorator@@0_NA 100458fc     LIBCMT:undname.obj
 0003:0000c8fd       ?fGetTemplateArgumentList@UnDecorator@@0_NA 100458fd     LIBCMT:undname.obj
 0003:0000c900       ?nodes@?1??make@DNameStatusNode@@SAPAV2@W4DNameStatus@@@Z@4PAV2@A 10045900     LIBCMT:undname.obj
 0003:0000c930       ??_B?1??make@DNameStatusNode@@SAPAV1@W4DNameStatus@@@Z@51 10045930     LIBCMT:undname.obj
 0003:0000c934       __outputformat             10045934     LIBCMT:outputformat.obj
 0003:0000c938       __stdbuf                   10045938     LIBCMT:_sftbuf.obj
 0003:0000c954       __debugger_hook_dummy      10045954     <common>
 0003:0000c958       ___piob                    10045958     <common>
 0003:0000c960       __bufin                    10045960     <common>
 0003:0000d960       __nstream                  10046960     <common>
 0003:0000d964       __nhandle                  10046964     <common>
 0003:0000d980       ___pioinfo                 10046980     <common>
 0003:0000da80       ___setlc_active            10046a80     <common>
 0003:0000da84       ___unguarded_readlc_active 10046a84     <common>
 0003:0000da88       ___env_initialized         10046a88     <common>
 0003:0000da8c       ___onexitend               10046a8c     <common>
 0003:0000da90       ___onexitbegin             10046a90     <common>
 0003:0000da94       ___mbctype_initialized     10046a94     <common>
 0003:0000da98       ___dyn_tls_init_callback   10046a98     <common>
 0003:0000da9c       ___sse2_available          10046a9c     <common>
 0003:0000daa0       __acmdln                   10046aa0     <common>

 entry point at        0001:0000e08e

 Static symbols

 0001:00000214       __catch$?GetCPUinfo@CGetHWinfo@@QAE_NPAD00@Z$0 10001214 f   GetHWinfo.obj
 0001:00000266       __catch$?GetCPUinfo@CGetHWinfo@@QAE_NPAD00@Z$2 10001266 f   GetHWinfo.obj
 0001:000002b7       __catch$?GetCPUinfo@CGetHWinfo@@QAE_NPAD00@Z$4 100012b7 f   GetHWinfo.obj
 0001:000018ba       __catch$?HookImport@@YAXPAUHINSTANCE__@@KK@Z$0 100028ba f   hlds_patch.obj
 0001:00003da8       __catch$?_Buynode@?$_List_val@PAUqueue_packet_s@@V?$allocator@PAUqueue_packet_s@@@std@@@std@@QAEPAU_Node@?$_List_nod@PAUqueue_packet_s@@V?$allocator@PAUqueue_packet_s@@@std@@@2@PAU342@0ABQAUqueue_packet_s@@@Z$0 10004da8 f i hlds_patch.obj
 0001:000044c8       __catch$?_Copy@?$basic_string@DU?$char_traits@D@std@@V?$allocator@D@2@@std@@QAEXII@Z$0 100054c8 f i hlds_patch.obj
 0001:000044f7       __catch$?_Copy@?$basic_string@DU?$char_traits@D@std@@V?$allocator@D@2@@std@@QAEXII@Z$1 100054f7 f i hlds_patch.obj
 0001:00005413       __catch$??$_Buynode@U?$pair@$$CBKPAUplayer_ban_count@@@std@@@?$_Tree_val@V?$_Tmap_traits@KPAUplayer_ban_count@@U?$less@K@std@@V?$allocator@U?$pair@$$CBKPAUplayer_ban_count@@@std@@@3@$0A@@std@@@std@@QAEPAU_Node@?$_Tree_nod@V?$_Tmap_traits@KPAUplayer_ban_count@@U?$less@K@std@@V?$allocator@U?$pair@$$CBKPAUplayer_ban_count@@@std@@@3@$0A@@std@@@1@$$QAU?$pair@$$CBKPAUplayer_ban_count@@@1@@Z$0 10006413 f i hlds_patch.obj
 0001:00008700       ?detour_is_imported@@YA_NPAE0@Z 10009700 f   detours:detours.obj
 0001:000088e0       ?detour_writable_trampoline_regions@@YAXXZ 100098e0 f   detours:detours.obj
 0001:00008a30       ?detour_runnable_trampoline_regions@@YAXXZ 10009a30 f   detours:detours.obj
 0001:00008a90       ?detour_free_trampoline@@YAXPAU_DETOUR_TRAMPOLINE@@@Z 10009a90 f   detours:detours.obj
 0001:00008f20       ?detour_free_unused_trampoline_regions@@YAXXZ 10009f20 f   detours:detours.obj
 0001:00008f90       ?detour_is_region_empty@@YAHPAUDETOUR_REGION@@@Z 10009f90 f   detours:detours.obj
 0001:00009020       ?detour_align_from_trampoline@@YAEPAU_DETOUR_TRAMPOLINE@@E@Z 1000a020 f   detours:detours.obj
 0001:00009070       ?detour_align_from_target@@YAJPAU_DETOUR_TRAMPOLINE@@J@Z 1000a070 f   detours:detours.obj
 0001:00009700       ?detour_alloc_trampoline@@YAPAU_DETOUR_TRAMPOLINE@@PAE@Z 1000a700 f   detours:detours.obj
 0001:000099e0       ?detour_alloc_region_from_lo@@YAPAXPAE0@Z 1000a9e0 f   detours:detours.obj
 0001:00009ab0       ?detour_alloc_round_up_to_region@@YAPAEPAE@Z 1000aab0 f   detours:detours.obj
 0001:00009ae0       ?detour_alloc_region_from_hi@@YAPAXPAE0@Z 1000aae0 f   detours:detours.obj
 0001:00009bb0       ?detour_alloc_round_down_to_region@@YAPAEPAE@Z 1000abb0 f   detours:detours.obj
 0001:0000aa4f       ?CatchGuardHandler@@YA?AW4_EXCEPTION_DISPOSITION@@PAUEHExceptionRecord@@PAUCatchGuardRN@@PAX2@Z 1000ba4f f   LIBCMT:_trnsctrl_.obj
 0001:0000ab59       ?TranslatorGuardHandler@@YA?AW4_EXCEPTION_DISPOSITION@@PAUEHExceptionRecord@@PAUTranslatorGuardRN@@PAX2@Z 1000bb59 f   LIBCMT:_trnsctrl_.obj
 0001:0000ad70       _xtoa@16                   1000bd70 f   LIBCMT:xtoa.obj
 0001:0000ae1e       @x64toa@20                 1000be1e f   LIBCMT:xtoa.obj
 0001:0000b004       __onexit_nolock            1000c004 f   LIBCMT:onexit.obj
 0001:0000c275       ?_store_str@@YAXPADPAPADPAI@Z 1000d275 f   LIBCMT:strftime.obj
 0001:0000c295       ?_store_number@@YAXHPAPADPAI@Z 1000d295 f   LIBCMT:strftime.obj
 0001:0000c2cb       ?_store_num@@YAXHHPAPADPAII@Z 1000d2cb f   LIBCMT:strftime.obj
 0001:0000c346       ?_expandtime@@YAHPAUlocaleinfo_struct@@DPBUtm@@PAPADPAIPAU__lc_time_data@@I@Z 1000d346 f   LIBCMT:strftime.obj
 0001:0000c6fe       ?_store_winword@@YAHPAUlocaleinfo_struct@@HPBUtm@@PAPADPAIPAU__lc_time_data@@@Z 1000d6fe f   LIBCMT:strftime.obj
 0001:0000db31       _vscan_fn                  1000eb31 f   LIBCMT:sscanf.obj
 0001:0000df98       ___DllMainCRTStartup       1000ef98 f   LIBCMT:dllcrt0.obj
 0001:0000e0c0       _ValidateLocalCookies      1000f0c0 f   LIBCMT:chandler4.obj
 0001:0000e4bc       _write_char                1000f4bc f   LIBCMT:output.obj
 0001:0000e4ef       _write_multi_char          1000f4ef f   LIBCMT:output.obj
 0001:0000e515       _write_string              1000f515 f   LIBCMT:output.obj
 0001:0000f837       ?ExFilterRethrow@@YAHPAU_EXCEPTION_POINTERS@@@Z 10010837 f   LIBCMT:frame.obj
 0001:0000fc26       ?IsInExceptionSpec@@YAEPAUEHExceptionRecord@@PBU_s_ESTypeList@@@Z 10010c26 f   LIBCMT:frame.obj
 0001:0000fc9c       ?CallUnexpected@@YAXPBU_s_ESTypeList@@@Z 10010c9c f   LIBCMT:frame.obj
 0001:0000fccd       __catch$?CallUnexpected@@YAXPBU_s_ESTypeList@@@Z$0 10010ccd f   LIBCMT:frame.obj
 0001:0000fce5       ?Is_bad_exception_allowed@@YAEPBU_s_ESTypeList@@@Z 10010ce5 f   LIBCMT:frame.obj
 0001:0000fd9d       ?CallCatchBlock@@YAPAXPAUEHExceptionRecord@@PAUEHRegistrationNode@@PAU_CONTEXT@@PBU_s_FuncInfo@@PAXHK@Z 10010d9d f   LIBCMT:frame.obj
 0001:00010298       ?CatchIt@@YAXPAUEHExceptionRecord@@PAUEHRegistrationNode@@PAU_CONTEXT@@PAXPBU_s_FuncInfo@@PBU_s_HandlerType@@PBU_s_CatchableType@@PBU_s_TryBlockMapEntry@@H1E@Z 10011298 f   LIBCMT:frame.obj
 0001:00010306       ?FindHandlerForForeignException@@YAXPAUEHExceptionRecord@@PAUEHRegistrationNode@@PAU_CONTEXT@@PAXPBU_s_FuncInfo@@HH1@Z 10011306 f   LIBCMT:frame.obj
 0001:0001040d       ?FindHandler@@YAXPAUEHExceptionRecord@@PAUEHRegistrationNode@@PAU_CONTEXT@@PAXPBU_s_FuncInfo@@EH1@Z 1001140d f   LIBCMT:frame.obj
 0001:0001115c       __initterm                 1001215c f   LIBCMT:crt0dat.obj
 0001:00011294       _doexit                    10012294 f   LIBCMT:crt0dat.obj
 0001:00011802       ?CPtoLCID@@YAHH@Z          10012802 f   LIBCMT:mbctype.obj
 0001:00011831       ?setSBCS@@YAXPAUthreadmbcinfostruct@@@Z 10012831 f   LIBCMT:mbctype.obj
 0001:00011895       ?setSBUpLow@@YAXPAUthreadmbcinfostruct@@@Z 10012895 f   LIBCMT:mbctype.obj
 0001:00011ac9       ?getSystemCP@@YAHH@Z       10012ac9 f   LIBCMT:mbctype.obj
 0001:000122bc       ?strncnt@@YAHPBDH@Z        100132bc f   LIBCMT:a_map.obj
 0001:000122da       ?__crtLCMapStringA_stat@@YAHPAUlocaleinfo_struct@@KKPBDHPADHHH@Z 100132da f   LIBCMT:a_map.obj
 0001:00012568       __copytlocinfo_nolock      10013568 f   LIBCMT:setlocal.obj
 0001:000125ec       _sync_legacy_variables_lk  100135ec f   LIBCMT:setlocal.obj
 0001:00012964       __setlocale_get_all        10013964 f   LIBCMT:setlocal.obj
 0001:00012cea       __setlocale_set_cat        10013cea f   LIBCMT:setlocal.obj
 0001:00013024       __setlocale_nolock         10014024 f   LIBCMT:setlocal.obj
 0001:0001397c       __tzset_nolock             1001497c f   LIBCMT:tzset.obj
 0001:00013c8f       _cvtdate                   10014c8f f   LIBCMT:tzset.obj
 0001:00013e86       __isindst_nolock           10014e86 f   LIBCMT:tzset.obj
 0001:00014ae8       _write_char                10015ae8 f   LIBCMT:outputs.obj
 0001:00014b1b       _write_multi_char          10015b1b f   LIBCMT:outputs.obj
 0001:00014b41       _write_string              10015b41 f   LIBCMT:outputs.obj
 0001:00015902       _write_char                10016902 f   LIBCMT:outputp.obj
 0001:00015935       _write_multi_char          10016935 f   LIBCMT:outputp.obj
 0001:0001595b       _write_string              1001695b f   LIBCMT:outputp.obj
 0001:00016de0       ___check_float_string      10017de0 f   LIBCMT:input.obj
 0001:00016e49       __hextodec                 10017e49 f   LIBCMT:input.obj
 0001:00016e69       __inc                      10017e69 f   LIBCMT:input.obj
 0001:00016e7f       __un_inc                   10017e7f f   LIBCMT:input.obj
 0001:00016e92       __whiteout                 10017e92 f   LIBCMT:input.obj
 0001:00017ec0       ___check_float_string      10018ec0 f   LIBCMT:inputs.obj
 0001:00017f17       __hextodec                 10018f17 f   LIBCMT:inputs.obj
 0001:00017f37       __inc                      10018f37 f   LIBCMT:inputs.obj
 0001:00017f4d       __un_inc                   10018f4d f   LIBCMT:inputs.obj
 0001:00017f60       __whiteout                 10018f60 f   LIBCMT:inputs.obj
 0001:00019226       __shift                    1001a226 f   LIBCMT:cvt.obj
 0001:0001926b       __cftoe2_l                 1001a26b f   LIBCMT:cvt.obj
 0001:00019849       __cftof2_l                 1001a849 f   LIBCMT:cvt.obj
 0001:00019fb0       _parse_cmdline             1001afb0 f   LIBCMT:stdargv.obj
 0001:0001a320       _xcptlookup                1001b320 f   LIBCMT:winxfltr.obj
 0001:0001a5f0       __unwind_handler4          1001b5f0 f   LIBCMT:exsup4.obj
 0001:0001bbb0       __unwind_handler           1001cbb0 f   LIBCMT:exsup.obj
 0001:0001be82       _ctrlevent_capture@4       1001ce82 f   LIBCMT:winsig.obj
 0001:0001bf1e       _siglookup                 1001cf1e f   LIBCMT:winsig.obj
 0001:0001c81f       ?__crtGetStringTypeA_stat@@YAHPAUlocaleinfo_struct@@KPBDHPAGHHH@Z 1001d81f f   LIBCMT:a_str.obj
 0001:0001c946       __get_lc_time              1001d946 f   LIBCMT:inittime.obj
 0001:0001d539       _fix_grouping              1001e539 f   LIBCMT:initnum.obj
 0001:0001d7c2       _fix_grouping              1001e7c2 f   LIBCMT:initmon.obj
 0001:0001e27b       _TranslateName             1001f27b f   LIBCMT:getqloc.obj
 0001:0001e2dd       _GetLcidFromDefault        1001f2dd f   LIBCMT:getqloc.obj
 0001:0001e2f1       _ProcessCodePage           1001f2f1 f   LIBCMT:getqloc.obj
 0001:0001e375       _TestDefaultCountry        1001f375 f   LIBCMT:getqloc.obj
 0001:0001e39a       _LcidFromHexString         1001f39a f   LIBCMT:getqloc.obj
 0001:0001e3cb       _GetPrimaryLen             1001f3cb f   LIBCMT:getqloc.obj
 0001:0001e3e6       _CountryEnumProc@4         1001f3e6 f   LIBCMT:getqloc.obj
 0001:0001e48d       _TestDefaultLanguage       1001f48d f   LIBCMT:getqloc.obj
 0001:0001e4e8       _LangCountryEnumProc@4     1001f4e8 f   LIBCMT:getqloc.obj
 0001:0001e6b9       _LanguageEnumProc@4        1001f6b9 f   LIBCMT:getqloc.obj
 0001:0001e779       _GetLcidFromCountry        1001f779 f   LIBCMT:getqloc.obj
 0001:0001e7a5       _GetLcidFromLangCountry    1001f7a5 f   LIBCMT:getqloc.obj
 0001:0001e80c       _GetLcidFromLanguage       1001f80c f   LIBCMT:getqloc.obj
 0001:0001ea39       _cmpResult                 1001fa39 f   LIBCMT:memcmp.obj
 0001:0001ea49       _cmpBYTE                   1001fa49 f   LIBCMT:memcmp.obj
 0001:0001ea5f       _cmpWORD                   1001fa5f f   LIBCMT:memcmp.obj
 0001:0001ea9b       _cmpDWORD                  1001fa9b f   LIBCMT:memcmp.obj
 0001:0001eb0b       _unaligned_memcmp          1001fb0b f   LIBCMT:memcmp.obj
 0001:00021f5a       ?und_strlen@@YAIPBD@Z      10022f5a f   LIBCMT:undname.obj
 0001:00021f68       ?und_memcpy@@YAXPADPBDI@Z  10022f68 f   LIBCMT:undname.obj
 0001:00021f7e       ?und_strncmp@@YAIPBD0I@Z   10022f7e f   LIBCMT:undname.obj
 0001:00026fb6       __getenv_s_helper          10027fb6 f   LIBCMT:getenv.obj
 0001:00027041       __dupenv_s_helper          10028041 f   LIBCMT:getenv.obj
 0001:000273a4       ?strtoxl@@YAKPAUlocaleinfo_struct@@PBDPAPBDHH@Z 100283a4 f   LIBCMT:strtol.obj
 0001:00028647       ?x_ismbbtype_l@@YAHPAUlocaleinfo_struct@@IHH@Z 10029647 f   LIBCMT:ismbbyte.obj
 0001:00028fbd       _flsall                    10029fbd f   LIBCMT:fflush.obj
 0001:000292f3       ?__crtGetLocaleInfoA_stat@@YAHPAUlocaleinfo_struct@@KKPADH@Z 1002a2f3 f   LIBCMT:a_loc.obj
 0001:000298b6       _xtoa_s@20                 1002a8b6 f   LIBCMT:xtoas.obj
 0001:000299db       @x64toa_s@24               1002a9db f   LIBCMT:xtoas.obj
 0001:00029b79       ?strtoxq@@YA_KPAUlocaleinfo_struct@@PBDPAPBDHH@Z 1002ab79 f   LIBCMT:strtoq.obj
 0001:0002d190       __abstract_cw              1002e190 f   LIBCMT:_ieee87_.obj
 0001:0002d22f       __hw_cw                    1002e22f f   LIBCMT:_ieee87_.obj
 0001:0002d2bd       __abstract_sw              1002e2bd f   LIBCMT:_ieee87_.obj
 0001:0002d300       ___abstract_cw_sse2        1002e300 f   LIBCMT:_ieee87_.obj
 0001:0002d3a0       ___hw_cw_sse2              1002e3a0 f   LIBCMT:_ieee87_.obj
 0001:0002d440       ___abstract_sw_sse2        1002e440 f   LIBCMT:_ieee87_.obj
 0001:0002d483       ___fpreset_sse2            1002e483 f   LIBCMT:_ieee87_.obj
 0001:0002d559       ___statusfp_sse2           1002e559 f   LIBCMT:_ieee87_.obj
 0001:0002d594       ___clearfp_sse2            1002e594 f   LIBCMT:_ieee87_.obj
 0001:0002d5e4       ___control87_sse2          1002e5e4 f   LIBCMT:_ieee87_.obj
 0001:0002e421       ?strncnt@@YAHPBDH@Z        1002f421 f   LIBCMT:a_cmp.obj
 0001:0002e43f       ?__crtCompareStringA_stat@@YAHPAUlocaleinfo_struct@@KKPBDH1HH@Z 1002f43f f   LIBCMT:a_cmp.obj
 0001:0002e802       _findenv                   1002f802 f   LIBCMT:setenv.obj
 0001:0002e854       _copy_environ              1002f854 f   LIBCMT:setenv.obj
 0001:0002f690       __ehhandler$?GetCPUinfo@CGetHWinfo@@QAE_NPAD00@Z 10030690 f   GetHWinfo.obj
 0001:0002f6a0       __ehhandler$?HookImport@@YAXPAUHINSTANCE__@@KK@Z 100306a0 f   hlds_patch.obj
 0001:0002f6aa       __unwindfunclet$?WriteLog@@YAXPBD0@Z$0 100306aa f   hlds_patch.obj
 0001:0002f6b2       __unwindfunclet$?WriteLog@@YAXPBD0@Z$1 100306b2 f   hlds_patch.obj
 0001:0002f6ba       __unwindfunclet$?WriteLog@@YAXPBD0@Z$2 100306ba f   hlds_patch.obj
 0001:0002f6c2       __unwindfunclet$?WriteLog@@YAXPBD0@Z$5 100306c2 f   hlds_patch.obj
 0001:0002f6ca       __unwindfunclet$?WriteLog@@YAXPBD0@Z$6 100306ca f   hlds_patch.obj
 0001:0002f6d2       __ehhandler$?WriteLog@@YAXPBD0@Z 100306d2 f   hlds_patch.obj
 0001:0002f6dc       __unwindfunclet$?OnAmxxAttach@@YAXXZ$0 100306dc f   hlds_patch.obj
 0001:0002f6ea       __ehhandler$?OnAmxxAttach@@YAXXZ 100306ea f   hlds_patch.obj
 0001:0002f700       __unwindfunclet$??0?$basic_string@DU?$char_traits@D@std@@V?$allocator@D@2@@std@@QAE@PBD@Z$0 10030700 f   hlds_patch.obj
 0001:0002f708       __ehhandler$??0?$basic_string@DU?$char_traits@D@std@@V?$allocator@D@2@@std@@QAE@PBD@Z 10030708 f   hlds_patch.obj
 0001:0002f720       __unwindfunclet$??1?$basic_string@DU?$char_traits@D@std@@V?$allocator@D@2@@std@@QAE@XZ$0 10030720 f   hlds_patch.obj
 0001:0002f728       __ehhandler$??1?$basic_string@DU?$char_traits@D@std@@V?$allocator@D@2@@std@@QAE@XZ 10030728 f   hlds_patch.obj
 0001:0002f740       __ehhandler$?_Buynode@?$_List_val@PAUqueue_packet_s@@V?$allocator@PAUqueue_packet_s@@@std@@@std@@QAEPAU_Node@?$_List_nod@PAUqueue_packet_s@@V?$allocator@PAUqueue_packet_s@@@std@@@2@PAU342@0ABQAUqueue_packet_s@@@Z 10030740 f   hlds_patch.obj
 0001:0002f750       __ehhandler$?_Copy@?$basic_string@DU?$char_traits@D@std@@V?$allocator@D@2@@std@@QAEXII@Z 10030750 f   hlds_patch.obj
 0001:0002f760       __ehhandler$??$_Buynode@U?$pair@$$CBKPAUplayer_ban_count@@@std@@@?$_Tree_val@V?$_Tmap_traits@KPAUplayer_ban_count@@U?$less@K@std@@V?$allocator@U?$pair@$$CBKPAUplayer_ban_count@@@std@@@3@$0A@@std@@@std@@QAEPAU_Node@?$_Tree_nod@V?$_Tmap_traits@KPAUplayer_ban_count@@U?$less@K@std@@V?$allocator@U?$pair@$$CBKPAUplayer_ban_count@@@std@@@3@$0A@@std@@@1@$$QAU?$pair@$$CBKPAUplayer_ban_count@@@1@@Z 10030760 f   hlds_patch.obj
 0001:0002f770       __unwindfunclet$??__FList@@YAXXZ$0 10030770 f   hlds_patch.obj
 0001:0002f77a       __ehhandler$??__FList@@YAXXZ 1003077a f   hlds_patch.obj
 0001:0002f790       __unwindfunclet$??__FFakeList@@YAXXZ$0 10030790 f   hlds_patch.obj
 0001:0002f79a       __ehhandler$??__FFakeList@@YAXXZ 1003079a f   hlds_patch.obj
 0001:0002f7b0       __unwindfunclet$??__FConnectPacketList@@YAXXZ$0 100307b0 f   hlds_patch.obj
 0001:0002f7ba       __ehhandler$??__FConnectPacketList@@YAXXZ 100307ba f   hlds_patch.obj
 0001:0002f7d0       __unwindfunclet$??1?$_Tree@V?$_Tmap_traits@KPAUplayer_ban_count@@U?$less@K@std@@V?$allocator@U?$pair@$$CBKPAUplayer_ban_count@@@std@@@3@$0A@@std@@@std@@QAE@XZ$0 100307d0 f   hlds_patch.obj
 0001:0002f7d8       __ehhandler$??1?$_Tree@V?$_Tmap_traits@KPAUplayer_ban_count@@U?$less@K@std@@V?$allocator@U?$pair@$$CBKPAUplayer_ban_count@@@std@@@3@$0A@@std@@@std@@QAE@XZ 100307d8 f   hlds_patch.obj
 0001:0002f7f0       __unwindfunclet$?GetHash@@YAKPBEKIPAD@Z$1 100307f0 f   lisence.obj
 0001:0002f7f8       __unwindfunclet$?GetHash@@YAKPBEKIPAD@Z$3 100307f8 f   lisence.obj
 0001:0002f800       __unwindfunclet$?GetHash@@YAKPBEKIPAD@Z$5 10030800 f   lisence.obj
 0001:0002f80b       __unwindfunclet$?GetHash@@YAKPBEKIPAD@Z$7 1003080b f   lisence.obj
 0001:0002f816       __unwindfunclet$?GetHash@@YAKPBEKIPAD@Z$9 10030816 f   lisence.obj
 0001:0002f821       __ehhandler$?GetHash@@YAKPBEKIPAD@Z 10030821 f   lisence.obj
 0001:0002f82b       __ehhandler$?CallUnexpected@@YAXPBU_s_ESTypeList@@@Z 1003082b f   LIBCMT:frame.obj
 0001:0002f850       ??__Ehwinfo@@YAXXZ         10030850 f   GetHWinfo.obj
 0001:0002f870       ??__EList@@YAXXZ           10030870 f   hlds_patch.obj
 0001:0002f8c0       ??__EFakeList@@YAXXZ       100308c0 f   hlds_patch.obj
 0001:0002f910       ??__EConnectPacketList@@YAXXZ 10030910 f   hlds_patch.obj
 0001:0002f940       ??__Eg_PlayerUpdate@@YAXXZ 10030940 f   hlds_patch.obj
 0001:0002f970       ??__Fhwinfo@@YAXXZ         10030970 f   GetHWinfo.obj
 0001:0002f980       ??__FList@@YAXXZ           10030980 f   hlds_patch.obj
 0001:0002f9d0       ??__FFakeList@@YAXXZ       100309d0 f   hlds_patch.obj
 0001:0002fa20       ??__FConnectPacketList@@YAXXZ 10030a20 f   hlds_patch.obj
 0001:0002fa80       ??__Fg_PlayerUpdate@@YAXXZ 10030a80 f   hlds_patch.obj
 0001:0002fa94       ??__Fnomem@?5???2@YAPAXI@Z@YAXXZ 10030a94 f   LIBCMT:new.obj
